Component: ARM Compiler 5.06 update 6 (build 750) Tool: armlink [4d35ed]

==============================================================================

Section Cross References

    startup_stm32l053xx.o(RESET) refers to startup_stm32l053xx.o(STACK) for __initial_sp
    startup_stm32l053xx.o(RESET) refers to startup_stm32l053xx.o(.text) for Reset_Handler
    startup_stm32l053xx.o(RESET) refers to stm32l0xx_it.o(i.NMI_Handler) for NMI_Handler
    startup_stm32l053xx.o(RESET) refers to stm32l0xx_it.o(i.HardFault_Handler) for HardFault_Handler
    startup_stm32l053xx.o(RESET) refers to stm32l0xx_it.o(i.SVC_Handler) for SVC_Handler
    startup_stm32l053xx.o(RESET) refers to stm32l0xx_it.o(i.PendSV_Handler) for PendSV_Handler
    startup_stm32l053xx.o(RESET) refers to stm32l0xx_it.o(i.SysTick_Handler) for SysTick_Handler
    startup_stm32l053xx.o(RESET) refers to stm32l0xx_it.o(i.EXTI0_1_IRQHandler) for EXTI0_1_IRQHandler
    startup_stm32l053xx.o(RESET) refers to stm32l0xx_it.o(i.EXTI4_15_IRQHandler) for EXTI4_15_IRQHandler
    startup_stm32l053xx.o(.text) refers to system_stm32l0xx.o(i.SystemInit) for SystemInit
    startup_stm32l053xx.o(.text) refers to entry.o(.ARM.Collect$$$$00000000) for __main
    main.o(i.MX_GPIO_Init) refers to memseta.o(.text) for __aeabi_memclr4
    main.o(i.MX_GPIO_Init) refers to stm32l0xx_hal_gpio.o(i.HAL_GPIO_WritePin) for HAL_GPIO_WritePin
    main.o(i.MX_GPIO_Init) refers to stm32l0xx_hal_gpio.o(i.HAL_GPIO_Init) for HAL_GPIO_Init
    main.o(i.MX_GPIO_Init) refers to stm32l0xx_hal_cortex.o(i.HAL_NVIC_SetPriority) for HAL_NVIC_SetPriority
    main.o(i.MX_GPIO_Init) refers to stm32l0xx_hal_cortex.o(i.HAL_NVIC_EnableIRQ) for HAL_NVIC_EnableIRQ
    main.o(i.SystemClock_Config) refers to memseta.o(.text) for __aeabi_memclr4
    main.o(i.SystemClock_Config) refers to stm32l0xx_hal_rcc.o(i.HAL_RCC_OscConfig) for HAL_RCC_OscConfig
    main.o(i.SystemClock_Config) refers to stm32l0xx_hal_rcc.o(i.HAL_RCC_ClockConfig) for HAL_RCC_ClockConfig
    main.o(i.SystemClock_Config) refers to stm32l0xx_hal_rcc_ex.o(i.HAL_RCCEx_PeriphCLKConfig) for HAL_RCCEx_PeriphCLKConfig
    main.o(i.main) refers to stm32l0xx_hal.o(i.HAL_Init) for HAL_Init
    main.o(i.main) refers to main.o(i.SystemClock_Config) for SystemClock_Config
    main.o(i.main) refers to main.o(i.MX_GPIO_Init) for MX_GPIO_Init
    main.o(i.main) refers to app_x-cube-ble1.o(i.MX_BlueNRG_MS_Init) for MX_BlueNRG_MS_Init
    main.o(i.main) refers to app_x-cube-ble1.o(i.MX_BlueNRG_MS_Process) for MX_BlueNRG_MS_Process
    hci_tl_interface.o(i.HCI_TL_SPI_DeInit) refers to stm32l0xx_hal_gpio.o(i.HAL_GPIO_DeInit) for HAL_GPIO_DeInit
    hci_tl_interface.o(i.HCI_TL_SPI_Init) refers to stm32l0xx_hal_gpio.o(i.HAL_GPIO_Init) for HAL_GPIO_Init
    hci_tl_interface.o(i.HCI_TL_SPI_Init) refers to stm32l0xx_nucleo_bus.o(i.BSP_SPI1_Init) for BSP_SPI1_Init
    hci_tl_interface.o(i.HCI_TL_SPI_Receive) refers to stm32l0xx_hal_gpio.o(i.HAL_GPIO_WritePin) for HAL_GPIO_WritePin
    hci_tl_interface.o(i.HCI_TL_SPI_Receive) refers to stm32l0xx_nucleo_bus.o(i.BSP_SPI1_SendRecv) for BSP_SPI1_SendRecv
    hci_tl_interface.o(i.HCI_TL_SPI_Reset) refers to stm32l0xx_hal_gpio.o(i.HAL_GPIO_WritePin) for HAL_GPIO_WritePin
    hci_tl_interface.o(i.HCI_TL_SPI_Reset) refers to stm32l0xx_hal.o(i.HAL_Delay) for HAL_Delay
    hci_tl_interface.o(i.HCI_TL_SPI_Send) refers to stm32l0xx_hal.o(i.HAL_GetTick) for HAL_GetTick
    hci_tl_interface.o(i.HCI_TL_SPI_Send) refers to stm32l0xx_hal_gpio.o(i.HAL_GPIO_WritePin) for HAL_GPIO_WritePin
    hci_tl_interface.o(i.HCI_TL_SPI_Send) refers to stm32l0xx_nucleo_bus.o(i.BSP_SPI1_SendRecv) for BSP_SPI1_SendRecv
    hci_tl_interface.o(i.HCI_TL_SPI_Send) refers to hci_tl_interface.o(.bss) for .bss
    hci_tl_interface.o(i.hci_tl_lowlevel_init) refers to hci_tl.o(i.hci_register_io_bus) for hci_register_io_bus
    hci_tl_interface.o(i.hci_tl_lowlevel_init) refers to stm32l0xx_hal_exti.o(i.HAL_EXTI_GetHandle) for HAL_EXTI_GetHandle
    hci_tl_interface.o(i.hci_tl_lowlevel_init) refers to stm32l0xx_hal_exti.o(i.HAL_EXTI_RegisterCallback) for HAL_EXTI_RegisterCallback
    hci_tl_interface.o(i.hci_tl_lowlevel_init) refers to stm32l0xx_hal_cortex.o(i.HAL_NVIC_SetPriority) for HAL_NVIC_SetPriority
    hci_tl_interface.o(i.hci_tl_lowlevel_init) refers to stm32l0xx_hal_cortex.o(i.HAL_NVIC_EnableIRQ) for HAL_NVIC_EnableIRQ
    hci_tl_interface.o(i.hci_tl_lowlevel_init) refers to hci_tl_interface.o(i.HCI_TL_SPI_Init) for HCI_TL_SPI_Init
    hci_tl_interface.o(i.hci_tl_lowlevel_init) refers to hci_tl_interface.o(i.HCI_TL_SPI_DeInit) for HCI_TL_SPI_DeInit
    hci_tl_interface.o(i.hci_tl_lowlevel_init) refers to hci_tl_interface.o(i.HCI_TL_SPI_Send) for HCI_TL_SPI_Send
    hci_tl_interface.o(i.hci_tl_lowlevel_init) refers to hci_tl_interface.o(i.HCI_TL_SPI_Receive) for HCI_TL_SPI_Receive
    hci_tl_interface.o(i.hci_tl_lowlevel_init) refers to hci_tl_interface.o(i.HCI_TL_SPI_Reset) for HCI_TL_SPI_Reset
[...]
    Removing stm32l0xx_hal_gpio.o(.rev16_text), (4 bytes).
    Removing stm32l0xx_hal_gpio.o(.revsh_text), (4 bytes).
    Removing stm32l0xx_hal_gpio.o(i.HAL_GPIO_EXTI_Callback), (2 bytes).
    Removing stm32l0xx_hal_gpio.o(i.HAL_GPIO_EXTI_IRQHandler), (24 bytes).
    Removing stm32l0xx_hal_gpio.o(i.HAL_GPIO_LockPin), (36 bytes).
    Removing stm32l0xx_hal_dma.o(.rev16_text), (4 bytes).
    Removing stm32l0xx_hal_dma.o(.revsh_text), (4 bytes).
    Removing stm32l0xx_hal_dma.o(i.DMA_SetConfig), (44 bytes).
    Removing stm32l0xx_hal_dma.o(i.HAL_DMA_Abort), (68 bytes).
    Removing stm32l0xx_hal_dma.o(i.HAL_DMA_Abort_IT), (76 bytes).
    Removing stm32l0xx_hal_dma.o(i.HAL_DMA_DeInit), (104 bytes).
    Removing stm32l0xx_hal_dma.o(i.HAL_DMA_GetError), (4 bytes).
    Removing stm32l0xx_hal_dma.o(i.HAL_DMA_GetState), (6 bytes).
    Removing stm32l0xx_hal_dma.o(i.HAL_DMA_IRQHandler), (168 bytes).
    Removing stm32l0xx_hal_dma.o(i.HAL_DMA_Init), (144 bytes).
    Removing stm32l0xx_hal_dma.o(i.HAL_DMA_PollForTransfer), (190 bytes).
    Removing stm32l0xx_hal_dma.o(i.HAL_DMA_RegisterCallback), (72 bytes).
    Removing stm32l0xx_hal_dma.o(i.HAL_DMA_Start), (74 bytes).
    Removing stm32l0xx_hal_dma.o(i.HAL_DMA_Start_IT), (104 bytes).
    Removing stm32l0xx_hal_dma.o(i.HAL_DMA_UnRegisterCallback), (78 bytes).
    Removing stm32l0xx_hal_pwr.o(.rev16_text), (4 bytes).
    Removing stm32l0xx_hal_pwr.o(.revsh_text), (4 bytes).
    Removing stm32l0xx_hal_pwr.o(i.HAL_PWR_ConfigPVD), (104 bytes).
    Removing stm32l0xx_hal_pwr.o(i.HAL_PWR_DeInit), (24 bytes).
    Removing stm32l0xx_hal_pwr.o(i.HAL_PWR_DisableBkUpAccess), (16 bytes).
    Removing stm32l0xx_hal_pwr.o(i.HAL_PWR_DisablePVD), (16 bytes).
    Removing stm32l0xx_hal_pwr.o(i.HAL_PWR_DisableSEVOnPend), (16 bytes).
    Removing stm32l0xx_hal_pwr.o(i.HAL_PWR_DisableSleepOnExit), (16 bytes).
    Removing stm32l0xx_hal_pwr.o(i.HAL_PWR_DisableWakeUpPin), (16 bytes).
    Removing stm32l0xx_hal_pwr.o(i.HAL_PWR_EnableBkUpAccess), (16 bytes).
    Removing stm32l0xx_hal_pwr.o(i.HAL_PWR_EnablePVD), (16 bytes).
    Removing stm32l0xx_hal_pwr.o(i.HAL_PWR_EnableSEVOnPend), (16 bytes).
    Removing stm32l0xx_hal_pwr.o(i.HAL_PWR_EnableSleepOnExit), (16 bytes).
    Removing stm32l0xx_hal_pwr.o(i.HAL_PWR_EnableWakeUpPin), (16 bytes).
    Removing stm32l0xx_hal_pwr.o(i.HAL_PWR_EnterSLEEPMode), (48 bytes).
    Removing stm32l0xx_hal_pwr.o(i.HAL_PWR_EnterSTANDBYMode), (32 bytes).
    Removing stm32l0xx_hal_pwr.o(i.HAL_PWR_EnterSTOPMode), (52 bytes).
    Removing stm32l0xx_hal_pwr.o(i.HAL_PWR_PVDCallback), (2 bytes).
    Removing stm32l0xx_hal_pwr.o(i.HAL_PWR_PVD_IRQHandler), (28 bytes).
    Removing stm32l0xx_hal_pwr_ex.o(.rev16_text), (4 bytes).
    Removing stm32l0xx_hal_pwr_ex.o(.revsh_text), (4 bytes).
    Removing stm32l0xx_hal_pwr_ex.o(i.HAL_PWREx_DisableFastWakeUp), (16 bytes).
    Removing stm32l0xx_hal_pwr_ex.o(i.HAL_PWREx_DisableLowPowerRunMode), (76 bytes).
    Removing stm32l0xx_hal_pwr_ex.o(i.HAL_PWREx_DisableUltraLowPower), (16 bytes).
    Removing stm32l0xx_hal_pwr_ex.o(i.HAL_PWREx_EnableFastWakeUp), (16 bytes).
    Removing stm32l0xx_hal_pwr_ex.o(i.HAL_PWREx_EnableLowPowerRunMode), (24 bytes).
    Removing stm32l0xx_hal_pwr_ex.o(i.HAL_PWREx_EnableUltraLowPower), (16 bytes).
    Removing stm32l0xx_hal_pwr_ex.o(i.HAL_PWREx_GetVoltageRange), (16 bytes).
    Removing stm32l0xx_hal_cortex.o(.rev16_text), (4 bytes).
    Removing stm32l0xx_hal_cortex.o(.revsh_text), (4 bytes).
    Removing stm32l0xx_hal_cortex.o(i.HAL_MPU_ConfigRegion), (80 bytes).
    Removing stm32l0xx_hal_cortex.o(i.HAL_MPU_Disable), (16 bytes).
    Removing stm32l0xx_hal_cortex.o(i.HAL_MPU_Enable), (24 bytes).
    Removing stm32l0xx_hal_cortex.o(i.HAL_NVIC_ClearPendingIRQ), (20 bytes).
    Removing stm32l0xx_hal_cortex.o(i.HAL_NVIC_DisableIRQ), (20 bytes).
    Removing stm32l0xx_hal_cortex.o(i.HAL_NVIC_GetPendingIRQ), (28 bytes).
    Removing stm32l0xx_hal_cortex.o(i.HAL_NVIC_GetPriority), (52 bytes).
    Removing stm32l0xx_hal_cortex.o(i.HAL_NVIC_SetPendingIRQ), (20 bytes).
    Removing stm32l0xx_hal_cortex.o(i.HAL_NVIC_SystemReset), (28 bytes).
    Removing stm32l0xx_hal_cortex.o(i.HAL_SYSTICK_CLKSourceConfig), (24 bytes).
    Removing stm32l0xx_hal_cortex.o(i.HAL_SYSTICK_Callback), (2 bytes).
    Removing stm32l0xx_hal_cortex.o(i.HAL_SYSTICK_IRQHandler), (8 bytes).
    Removing system_stm32l0xx.o(.rev16_text), (4 bytes).
    Removing system_stm32l0xx.o(.revsh_text), (4 bytes).
    Removing system_stm32l0xx.o(i.SystemCoreClockUpdate), (156 bytes).
    Removing bluenrg_gap_aci.o(.rev16_text), (4 bytes).
    Removing bluenrg_gap_aci.o(.revsh_text), (4 bytes).
    Removing bluenrg_gap_aci.o(i.aci_gap_allow_rebond_IDB04A1), (52 bytes).
    Removing bluenrg_gap_aci.o(i.aci_gap_allow_rebond_IDB05A1), (64 bytes).
    Removing bluenrg_gap_aci.o(i.aci_gap_authorization_response), (66 bytes).
    Removing bluenrg_gap_aci.o(i.aci_gap_clear_security_database), (52 bytes).
    Removing bluenrg_gap_aci.o(i.aci_gap_configure_whitelist), (52 bytes).
    Removing bluenrg_gap_aci.o(i.aci_gap_create_connection), (112 bytes).
    Removing bluenrg_gap_aci.o(i.aci_gap_delete_ad_type), (62 bytes).
    Removing bluenrg_gap_aci.o(i.aci_gap_get_bonded_devices), (98 bytes).
    Removing bluenrg_gap_aci.o(i.aci_gap_get_security_level), (98 bytes).
    Removing bluenrg_gap_aci.o(i.aci_gap_is_device_bonded), (74 bytes).
    Removing bluenrg_gap_aci.o(i.aci_gap_pass_key_response), (78 bytes).
    Removing bluenrg_gap_aci.o(i.aci_gap_resolve_private_address_IDB04A1), (72 bytes).
    Removing bluenrg_gap_aci.o(i.aci_gap_resolve_private_address_IDB05A1), (90 bytes).
    Removing bluenrg_gap_aci.o(i.aci_gap_send_pairing_request), (70 bytes).
    Removing bluenrg_gap_aci.o(i.aci_gap_set_author_requirement), (66 bytes).
    Removing bluenrg_gap_aci.o(i.aci_gap_set_broadcast_mode), (134 bytes).
    Removing bluenrg_gap_aci.o(i.aci_gap_set_direct_connectable_IDB04A1), (82 bytes).
    Removing bluenrg_gap_aci.o(i.aci_gap_set_direct_connectable_IDB05A1), (98 bytes).
    Removing bluenrg_gap_aci.o(i.aci_gap_set_io_capability), (62 bytes).
    Removing bluenrg_gap_aci.o(i.aci_gap_set_limited_discoverable), (186 bytes).
    Removing bluenrg_gap_aci.o(i.aci_gap_set_non_connectable_IDB04A1), (62 bytes).
    Removing bluenrg_gap_aci.o(i.aci_gap_set_non_connectable_IDB05A1), (66 bytes).
    Removing bluenrg_gap_aci.o(i.aci_gap_set_non_discoverable), (52 bytes).
    Removing bluenrg_gap_aci.o(i.aci_gap_set_undirected_connectable), (66 bytes).
    Removing bluenrg_gap_aci.o(i.aci_gap_slave_security_request), (72 bytes).
    Removing bluenrg_gap_aci.o(i.aci_gap_start_auto_conn_establish_proc_IDB04A1), (284 bytes).
    Removing bluenrg_gap_aci.o(i.aci_gap_start_auto_conn_establish_proc_IDB05A1), (270 bytes).
    Removing bluenrg_gap_aci.o(i.aci_gap_start_connection_update), (82 bytes).
    Removing bluenrg_gap_aci.o(i.aci_gap_start_general_conn_establish_proc_IDB04A1), (98 bytes).
    Removing bluenrg_gap_aci.o(i.aci_gap_start_general_conn_establish_proc_IDB05A1), (84 bytes).
    Removing bluenrg_gap_aci.o(i.aci_gap_start_general_discovery_proc), (72 bytes).
    Removing bluenrg_gap_aci.o(i.aci_gap_start_limited_discovery_proc), (72 bytes).
    Removing bluenrg_gap_aci.o(i.aci_gap_start_name_discovery_proc), (112 bytes).
    Removing bluenrg_gap_aci.o(i.aci_gap_start_observation_procedure), (76 bytes).
    Removing bluenrg_gap_aci.o(i.aci_gap_start_selective_conn_establish_proc), (114 bytes).
    Removing bluenrg_gap_aci.o(i.aci_gap_terminate), (70 bytes).
    Removing bluenrg_gap_aci.o(i.aci_gap_terminate_gap_procedure), (60 bytes).
    Removing bluenrg_gap_aci.o(i.aci_gap_update_adv_data), (84 bytes).
    Removing bluenrg_gatt_aci.o(.rev16_text), (4 bytes).
    Removing bluenrg_gatt_aci.o(.revsh_text), (4 bytes).
    Removing bluenrg_gatt_aci.o(i.aci_att_execute_write_req), (68 bytes).
    Removing bluenrg_gatt_aci.o(i.aci_att_find_by_type_value_req), (102 bytes).
    Removing bluenrg_gatt_aci.o(i.aci_att_find_information_req), (70 bytes).
    Removing bluenrg_gatt_aci.o(i.aci_att_prepare_write_req), (98 bytes).
    Removing bluenrg_gatt_aci.o(i.aci_att_read_by_group_type_req), (96 bytes).
    Removing bluenrg_gatt_aci.o(i.aci_att_read_by_type_req), (96 bytes).
    Removing bluenrg_gatt_aci.o(i.aci_gatt_confirm_indication), (66 bytes).
    Removing bluenrg_gatt_aci.o(i.aci_gatt_del_char), (68 bytes).
    Removing bluenrg_gatt_aci.o(i.aci_gatt_del_include_service), (68 bytes).
    Removing bluenrg_gatt_aci.o(i.aci_gatt_del_service), (66 bytes).
    Removing bluenrg_gatt_aci.o(i.aci_gatt_disc_all_charac_descriptors), (74 bytes).
    Removing bluenrg_gatt_aci.o(i.aci_gatt_disc_all_charac_of_serv), (74 bytes).
    Removing bluenrg_gatt_aci.o(i.aci_gatt_disc_all_prim_services), (70 bytes).
    Removing bluenrg_gatt_aci.o(i.aci_gatt_disc_charac_by_uuid), (132 bytes).
    Removing bluenrg_gatt_aci.o(i.aci_gatt_disc_prim_service_by_uuid), (96 bytes).
    Removing bluenrg_gatt_aci.o(i.aci_gatt_exchange_configuration), (70 bytes).
    Removing bluenrg_gatt_aci.o(i.aci_gatt_find_included_services), (74 bytes).
    Removing bluenrg_gatt_aci.o(i.aci_gatt_include_service), (158 bytes).
    Removing bluenrg_gatt_aci.o(i.aci_gatt_read_charac_desc), (72 bytes).
    Removing bluenrg_gatt_aci.o(i.aci_gatt_read_charac_val), (72 bytes).
    Removing bluenrg_gatt_aci.o(i.aci_gatt_read_handle_value), (114 bytes).
    Removing bluenrg_gatt_aci.o(i.aci_gatt_read_handle_value_offset_IDB05A1), (110 bytes).
    Removing bluenrg_gatt_aci.o(i.aci_gatt_read_long_charac_desc), (74 bytes).
    Removing bluenrg_gatt_aci.o(i.aci_gatt_read_long_charac_val), (74 bytes).
    Removing bluenrg_gatt_aci.o(i.aci_gatt_read_multiple_charac_val), (96 bytes).
    Removing bluenrg_gatt_aci.o(i.aci_gatt_read_using_charac_uuid), (96 bytes).
    Removing bluenrg_gatt_aci.o(i.aci_gatt_set_desc_value), (146 bytes).
    Removing bluenrg_gatt_aci.o(i.aci_gatt_set_event_mask), (66 bytes).
    Removing bluenrg_gatt_aci.o(i.aci_gatt_set_security_permission), (70 bytes).
    Removing bluenrg_gatt_aci.o(i.aci_gatt_signed_write_without_resp), (94 bytes).
    Removing bluenrg_gatt_aci.o(i.aci_gatt_update_char_value_ext_IDB05A1), (112 bytes).
    Removing bluenrg_gatt_aci.o(i.aci_gatt_write_charac_descriptor), (120 bytes).
    Removing bluenrg_gatt_aci.o(i.aci_gatt_write_charac_reliable), (102 bytes).
    Removing bluenrg_gatt_aci.o(i.aci_gatt_write_charac_value), (120 bytes).
    Removing bluenrg_gatt_aci.o(i.aci_gatt_write_long_charac_desc), (102 bytes).
    Removing bluenrg_gatt_aci.o(i.aci_gatt_write_long_charac_val), (102 bytes).
    Removing bluenrg_gatt_aci.o(i.aci_gatt_write_response), (124 bytes).
    Removing bluenrg_gatt_aci.o(i.aci_gatt_write_without_response), (94 bytes).
    Removing bluenrg_hal_aci.o(.rev16_text), (4 bytes).
    Removing bluenrg_hal_aci.o(.revsh_text), (4 bytes).
    Removing bluenrg_hal_aci.o(i.aci_hal_device_standby), (52 bytes).
    Removing bluenrg_hal_aci.o(i.aci_hal_get_anchor_period), (80 bytes).
    Removing bluenrg_hal_aci.o(i.aci_hal_get_fw_build_number), (70 bytes).
    Removing bluenrg_hal_aci.o(i.aci_hal_get_link_status), (96 bytes).
    Removing bluenrg_hal_aci.o(i.aci_hal_le_tx_test_packet_number), (70 bytes).
    Removing bluenrg_hal_aci.o(i.aci_hal_read_config_data), (100 bytes).
    Removing bluenrg_hal_aci.o(i.aci_hal_tone_start), (62 bytes).
    Removing bluenrg_hal_aci.o(i.aci_hal_tone_stop), (52 bytes).
    Removing bluenrg_l2cap_aci.o(.rev16_text), (4 bytes).
    Removing bluenrg_l2cap_aci.o(.revsh_text), (4 bytes).
    Removing bluenrg_l2cap_aci.o(i.aci_l2cap_connection_parameter_update_request), (78 bytes).
    Removing bluenrg_l2cap_aci.o(i.aci_l2cap_connection_parameter_update_response_IDB04A1), (80 bytes).
    Removing bluenrg_l2cap_aci.o(i.aci_l2cap_connection_parameter_update_response_IDB05A1), (90 bytes).
    Removing bluenrg_updater_aci.o(.rev16_text), (4 bytes).
    Removing bluenrg_updater_aci.o(.revsh_text), (4 bytes).
    Removing bluenrg_updater_aci.o(i.aci_erase_blue_flag), (52 bytes).
    Removing bluenrg_updater_aci.o(i.aci_get_updater_buffer_size), (64 bytes).
    Removing bluenrg_updater_aci.o(i.aci_get_updater_version), (64 bytes).
    Removing bluenrg_updater_aci.o(i.aci_reset_blue_flag), (52 bytes).
    Removing bluenrg_updater_aci.o(i.aci_updater_calc_crc), (80 bytes).
    Removing bluenrg_updater_aci.o(i.aci_updater_erase_sector), (64 bytes).
    Removing bluenrg_updater_aci.o(i.aci_updater_hw_version), (64 bytes).
    Removing bluenrg_updater_aci.o(i.aci_updater_program_data_block), (90 bytes).
    Removing bluenrg_updater_aci.o(i.aci_updater_read_data_block), (86 bytes).
    Removing bluenrg_updater_aci.o(i.aci_updater_reboot), (50 bytes).
    Removing bluenrg_updater_aci.o(i.aci_updater_start), (50 bytes).
    Removing bluenrg_utils_small.o(.rev16_text), (4 bytes).
    Removing bluenrg_utils_small.o(.revsh_text), (4 bytes).
    Removing hci_tl.o(.rev16_text), (4 bytes).
    Removing hci_tl.o(.revsh_text), (4 bytes).
    Removing hci_le.o(.rev16_text), (4 bytes).
    Removing hci_le.o(.revsh_text), (4 bytes).
    Removing hci_le.o(i.hci_disconnect), (68 bytes).
    Removing hci_le.o(i.hci_le_add_device_to_white_list), (74 bytes).
    Removing hci_le.o(i.hci_le_clear_white_list), (52 bytes).
    Removing hci_le.o(i.hci_le_create_connection), (156 bytes).
    Removing hci_le.o(i.hci_le_create_connection_cancel), (52 bytes).
    Removing hci_le.o(i.hci_le_encrypt), (112 bytes).
    Removing hci_le.o(i.hci_le_ltk_request_neg_reply), (72 bytes).
    Removing hci_le.o(i.hci_le_ltk_request_reply), (80 bytes).
    Removing hci_le.o(i.hci_le_rand), (84 bytes).
    Removing hci_le.o(i.hci_le_read_advertising_channel_tx_power), (74 bytes).
    Removing hci_le.o(i.hci_le_read_buffer_size), (88 bytes).
    Removing hci_le.o(i.hci_le_read_channel_map), (88 bytes).
    Removing hci_le.o(i.hci_le_read_local_supported_features), (80 bytes).
    Removing hci_le.o(i.hci_le_read_supported_states), (80 bytes).
    Removing hci_le.o(i.hci_le_read_white_list_size), (70 bytes).
    Removing hci_le.o(i.hci_le_receiver_test), (62 bytes).
    Removing hci_le.o(i.hci_le_remove_device_from_white_list), (74 bytes).
    Removing hci_le.o(i.hci_le_set_advertise_enable), (76 bytes).
    Removing hci_le.o(i.hci_le_set_advertising_data), (92 bytes).
    Removing hci_le.o(i.hci_le_set_advertising_parameters), (110 bytes).
    Removing hci_le.o(i.hci_le_set_random_address), (78 bytes).
    Removing hci_le.o(i.hci_le_set_scan_enable), (80 bytes).
    Removing hci_le.o(i.hci_le_set_scan_parameters), (86 bytes).
    Removing hci_le.o(i.hci_le_test_end), (76 bytes).
    Removing hci_le.o(i.hci_le_transmitter_test), (68 bytes).
    Removing hci_le.o(i.hci_read_bd_addr), (82 bytes).
    Removing hci_le.o(i.hci_read_rssi), (96 bytes).
    Removing hci_le.o(i.hci_read_transmit_power_level), (98 bytes).
    Removing ble_list.o(.rev16_text), (4 bytes).
    Removing ble_list.o(.revsh_text), (4 bytes).
    Removing ble_list.o(i.list_get_next_node), (16 bytes).
    Removing ble_list.o(i.list_get_prev_node), (16 bytes).
    Removing ble_list.o(i.list_insert_node_after), (24 bytes).
    Removing ble_list.o(i.list_insert_node_before), (24 bytes).

556 unused section(s) (total 38594 bytes) removed from the image.

==============================================================================

Image Symbol Table

    Local Symbols

    Symbol Name                              Value     Ov Type        Size  Object(Section)

    ../../../../../Drivers/STM32L0xx_HAL_Driver/Src/stm32l0xx_hal.c 0x00000000   Number         0  stm32l0xx_hal.o ABSOLUTE
    ../../../../../Drivers/STM32L0xx_HAL_Driver/Src/stm32l0xx_hal_cortex.c 0x00000000   Number         0  stm32l0xx_hal_cortex.o ABSOLUTE
    ../../../../../Drivers/STM32L0xx_HAL_Driver/Src/stm32l0xx_hal_dma.c 0x00000000   Number         0  stm32l0xx_hal_dma.o ABSOLUTE
    ../../../../../Drivers/STM32L0xx_HAL_Driver/Src/stm32l0xx_hal_flash.c 0x00000000   Number         0  stm32l0xx_hal_flash.o ABSOLUTE
    ../../../../../Drivers/STM32L0xx_HAL_Driver/Src/stm32l0xx_hal_flash_ex.c 0x00000000   Number         0  stm32l0xx_hal_flash_ex.o ABSOLUTE
    ../../../../../Drivers/STM32L0xx_HAL_Driver/Src/stm32l0xx_hal_flash_ramfunc.c 0x00000000   Number         0  stm32l0xx_hal_flash_ramfunc.o ABSOLUTE
    ../../../../../Drivers/STM32L0xx_HAL_Driver/Src/stm32l0xx_hal_gpio.c 0x00000000   Number         0  stm32l0xx_hal_gpio.o ABSOLUTE
    ../../../../../Drivers/STM32L0xx_HAL_Driver/Src/stm32l0xx_hal_i2c.c 0x00000000   Number         0  stm32l0xx_hal_i2c.o ABSOLUTE
    ../../../../../Drivers/STM32L0xx_HAL_Driver/Src/stm32l0xx_hal_i2c_ex.c 0x00000000   Number         0  stm32l0xx_hal_i2c_ex.o ABSOLUTE
    ../../../../../Drivers/STM32L0xx_HAL_Driver/Src/stm32l0xx_hal_pwr.c 0x00000000   Number         0  stm32l0xx_hal_pwr.o ABSOLUTE
    ../../../../../Drivers/STM32L0xx_HAL_Driver/Src/stm32l0xx_hal_pwr_ex.c 0x00000000   Number         0  stm32l0xx_hal_pwr_ex.o ABSOLUTE
    ../../../../../Drivers/STM32L0xx_HAL_Driver/Src/stm32l0xx_hal_rcc.c 0x00000000   Number         0  stm32l0xx_hal_rcc.o ABSOLUTE
    ../../../../../Drivers/STM32L0xx_HAL_Driver/Src/stm32l0xx_hal_rcc_ex.c 0x00000000   Number         0  stm32l0xx_hal_rcc_ex.o ABSOLUTE
    ../../../../../Drivers/STM32L0xx_HAL_Driver/Src/stm32l0xx_hal_spi.c 0x00000000   Number         0  stm32l0xx_hal_spi.o ABSOLUTE
    ../../../../../Drivers/STM32L0xx_HAL_Driver/Src/stm32l0xx_hal_tim.c 0x00000000   Number         0  stm32l0xx_hal_tim.o ABSOLUTE
    ../../../../../Drivers/STM32L0xx_HAL_Driver/Src/stm32l0xx_hal_tim_ex.c 0x00000000   Number         0  stm32l0xx_hal_tim_ex.o ABSOLUTE
    ../../../../../Drivers/STM32L0xx_HAL_Driver/Src/stm32l0xx_hal_uart.c 0x00000000   Number         0  stm32l0xx_hal_uart.o ABSOLUTE
    ../../../../../Drivers/STM32L0xx_HAL_Driver/Src/stm32l0xx_hal_uart_ex.c 0x00000000   Number         0  stm32l0xx_hal_uart_ex.o ABSOLUTE
    ../../../../../Middlewares/ST/BlueNRG-MS/hci/controller/bluenrg_gap_aci.c 0x00000000   Number         0  bluenrg_gap_aci.o ABSOLUTE
    ../../../../../Middlewares/ST/BlueNRG-MS/hci/controller/bluenrg_gatt_aci.c 0x00000000   Number         0  bluenrg_gatt_aci.o ABSOLUTE
    ../../../../../Middlewares/ST/BlueNRG-MS/hci/controller/bluenrg_hal_aci.c 0x00000000   Number         0  bluenrg_hal_aci.o ABSOLUTE
    ../../../../../Middlewares/ST/BlueNRG-MS/hci/controller/bluenrg_l2cap_aci.c 0x00000000   Number         0  bluenrg_l2cap_aci.o ABSOLUTE
    ../../../../../Middlewares/ST/BlueNRG-MS/hci/controller/bluenrg_updater_aci.c 0x00000000   Number         0  bluenrg_updater_aci.o ABSOLUTE
    ../../../../../Middlewares/ST/BlueNRG-MS/hci/controller/bluenrg_utils_small.c 0x00000000   Number         0  bluenrg_utils_small.o ABSOLUTE
    ../../../../../Middlewares/ST/BlueNRG-MS/hci/hci_le.c 0x00000000   Number         0  hci_le.o ABSOLUTE
    ../../../../../Middlewares/ST/BlueNRG-MS/hci/hci_tl_patterns/Basic/hci_tl.c 0x00000000   Number         0  hci_tl.o ABSOLUTE
    ../../../../../Middlewares/ST/BlueNRG-MS/utils/ble_list.c 0x00000000   Number         0  ble_list.o ABSOLUTE
    ../Src/app_x-cube-ble1.c                 0x00000000   Number         0  app_x-cube-ble1.o ABSOLUTE
    ../Src/hci_tl_interface.c                0x00000000   Number         0  hci_tl_interface.o ABSOLUTE
    ../Src/main.c                            0x00000000   Number         0  main.o ABSOLUTE
    ../Src/sensor_service.c                  0x00000000   Number         0  sensor_service.o ABSOLUTE
    ../Src/stm32l0xx_hal_exti.c              0x00000000   Number         0  stm32l0xx_hal_exti.o ABSOLUTE
    ../Src/stm32l0xx_hal_msp.c               0x00000000   Number         0  stm32l0xx_hal_msp.o ABSOLUTE
    ../Src/stm32l0xx_it.c                    0x00000000   Number         0  stm32l0xx_it.o ABSOLUTE
    ../Src/stm32l0xx_nucleo.c                0x00000000   Number         0  stm32l0xx_nucleo.o ABSOLUTE
    ../Src/stm32l0xx_nucleo_bus.c            0x00000000   Number         0  stm32l0xx_nucleo_bus.o ABSOLUTE
    ../Src/system_stm32l0xx.c                0x00000000   Number         0  system_stm32l0xx.o ABSOLUTE
    ../clib/microlib/division.c              0x00000000   Number         0  uidiv.o ABSOLUTE
    ../clib/microlib/division.c              0x00000000   Number         0  uldiv.o ABSOLUTE
    ../clib/microlib/init/entry.s            0x00000000   Number         0  entry.o ABSOLUTE
    ../clib/microlib/init/entry.s            0x00000000   Number         0  entry2.o ABSOLUTE
    ../clib/microlib/init/entry.s            0x00000000   Number         0  entry5.o ABSOLUTE
    ../clib/microlib/init/entry.s            0x00000000   Number         0  entry7a.o ABSOLUTE
    ../clib/microlib/init/entry.s            0x00000000   Number         0  entry7b.o ABSOLUTE
    ../clib/microlib/init/entry.s            0x00000000   Number         0  entry8a.o ABSOLUTE
    ../clib/microlib/init/entry.s            0x00000000   Number         0  entry8b.o ABSOLUTE
    ../clib/microlib/init/entry.s            0x00000000   Number         0  entry9b.o ABSOLUTE
    ../clib/microlib/init/entry.s            0x00000000   Number         0  entry10a.o ABSOLUTE
    ../clib/microlib/init/entry.s            0x00000000   Number         0  entry9a.o ABSOLUTE
    ../clib/microlib/init/entry.s            0x00000000   Number         0  entry10b.o ABSOLUTE
    ../clib/microlib/init/entry.s            0x00000000   Number         0  entry11a.o ABSOLUTE
    ../clib/microlib/init/entry.s            0x00000000   Number         0  entry11b.o ABSOLUTE
    ../clib/microlib/longlong.c              0x00000000   Number         0  llshl.o ABSOLUTE
    ../clib/microlib/longlong.c              0x00000000   Number         0  llushr.o ABSOLUTE
    ../clib/microlib/stdlib/rand.c           0x00000000   Number         0  rand.o ABSOLUTE
    ../clib/microlib/string/memcpy.c         0x00000000   Number         0  memcpya.o ABSOLUTE
    ../clib/microlib/string/memcpy.c         0x00000000   Number         0  memcpyb.o ABSOLUTE
    ../clib/microlib/string/memset.c         0x00000000   Number         0  memseta.o ABSOLUTE
    ../clib/microlib/string/strlen.c         0x00000000   Number         0  strlen.o ABSOLUTE
    ../clib/microlib/unhosted.c              0x00000000   Number         0  uwrite4.o ABSOLUTE
    ../clib/microlib/unhosted.c              0x00000000   Number         0  uread4.o ABSOLUTE
    ..\..\..\..\..\Drivers\STM32L0xx_HAL_Driver\Src\stm32l0xx_hal.c 0x00000000   Number         0  stm32l0xx_hal.o ABSOLUTE
    ..\..\..\..\..\Drivers\STM32L0xx_HAL_Driver\Src\stm32l0xx_hal_cortex.c 0x00000000   Number         0  stm32l0xx_hal_cortex.o ABSOLUTE
    ..\..\..\..\..\Drivers\STM32L0xx_HAL_Driver\Src\stm32l0xx_hal_dma.c 0x00000000   Number         0  stm32l0xx_hal_dma.o ABSOLUTE
    ..\..\..\..\..\Drivers\STM32L0xx_HAL_Driver\Src\stm32l0xx_hal_flash.c 0x00000000   Number         0  stm32l0xx_hal_flash.o ABSOLUTE
    ..\..\..\..\..\Drivers\STM32L0xx_HAL_Driver\Src\stm32l0xx_hal_flash_ex.c 0x00000000   Number         0  stm32l0xx_hal_flash_ex.o ABSOLUTE
    ..\..\..\..\..\Drivers\STM32L0xx_HAL_Driver\Src\stm32l0xx_hal_flash_ramfunc.c 0x00000000   Number         0  stm32l0xx_hal_flash_ramfunc.o ABSOLUTE
    ..\..\..\..\..\Drivers\STM32L0xx_HAL_Driver\Src\stm32l0xx_hal_gpio.c 0x00000000   Number         0  stm32l0xx_hal_gpio.o ABSOLUTE
    ..\..\..\..\..\Drivers\STM32L0xx_HAL_Driver\Src\stm32l0xx_hal_i2c.c 0x00000000   Number         0  stm32l0xx_hal_i2c.o ABSOLUTE
    ..\..\..\..\..\Drivers\STM32L0xx_HAL_Driver\Src\stm32l0xx_hal_i2c_ex.c 0x00000000   Number         0  stm32l0xx_hal_i2c_ex.o ABSOLUTE
    ..\..\..\..\..\Drivers\STM32L0xx_HAL_Driver\Src\stm32l0xx_hal_pwr.c 0x00000000   Number         0  stm32l0xx_hal_pwr.o ABSOLUTE
    ..\..\..\..\..\Drivers\STM32L0xx_HAL_Driver\Src\stm32l0xx_hal_pwr_ex.c 0x00000000   Number         0  stm32l0xx_hal_pwr_ex.o ABSOLUTE
    ..\..\..\..\..\Drivers\STM32L0xx_HAL_Driver\Src\stm32l0xx_hal_rcc.c 0x00000000   Number         0  stm32l0xx_hal_rcc.o ABSOLUTE
    ..\..\..\..\..\Drivers\STM32L0xx_HAL_Driver\Src\stm32l0xx_hal_rcc_ex.c 0x00000000   Number         0  stm32l0xx_hal_rcc_ex.o ABSOLUTE
    ..\..\..\..\..\Drivers\STM32L0xx_HAL_Driver\Src\stm32l0xx_hal_spi.c 0x00000000   Number         0  stm32l0xx_hal_spi.o ABSOLUTE
    ..\..\..\..\..\Drivers\STM32L0xx_HAL_Driver\Src\stm32l0xx_hal_tim.c 0x00000000   Number         0  stm32l0xx_hal_tim.o ABSOLUTE
    ..\..\..\..\..\Drivers\STM32L0xx_HAL_Driver\Src\stm32l0xx_hal_tim_ex.c 0x00000000   Number         0  stm32l0xx_hal_tim_ex.o ABSOLUTE
    ..\..\..\..\..\Drivers\STM32L0xx_HAL_Driver\Src\stm32l0xx_hal_uart.c 0x00000000   Number         0  stm32l0xx_hal_uart.o ABSOLUTE
    ..\..\..\..\..\Drivers\STM32L0xx_HAL_Driver\Src\stm32l0xx_hal_uart_ex.c 0x00000000   Number         0  stm32l0xx_hal_uart_ex.o ABSOLUTE
    ..\..\..\..\..\Middlewares\ST\BlueNRG-MS\hci\controller\bluenrg_gap_aci.c 0x00000000   Number         0  bluenrg_gap_aci.o ABSOLUTE
    ..\..\..\..\..\Middlewares\ST\BlueNRG-MS\hci\controller\bluenrg_gatt_aci.c 0x00000000   Number         0  bluenrg_gatt_aci.o ABSOLUTE
    ..\..\..\..\..\Middlewares\ST\BlueNRG-MS\hci\controller\bluenrg_hal_aci.c 0x00000000   Number         0  bluenrg_hal_aci.o ABSOLUTE
    ..\..\..\..\..\Middlewares\ST\BlueNRG-MS\hci\controller\bluenrg_l2cap_aci.c 0x00000000   Number         0  bluenrg_l2cap_aci.o ABSOLUTE
    ..\..\..\..\..\Middlewares\ST\BlueNRG-MS\hci\controller\bluenrg_updater_aci.c 0x00000000   Number         0  bluenrg_updater_aci.o ABSOLUTE
    ..\..\..\..\..\Middlewares\ST\BlueNRG-MS\hci\controller\bluenrg_utils_small.c 0x00000000   Number         0  bluenrg_utils_small.o ABSOLUTE
    ..\..\..\..\..\Middlewares\ST\BlueNRG-MS\hci\hci_le.c 0x00000000   Number         0  hci_le.o ABSOLUTE
    ..\..\..\..\..\Middlewares\ST\BlueNRG-MS\hci\hci_tl_patterns\Basic\hci_tl.c 0x00000000   Number         0  hci_tl.o ABSOLUTE
    ..\..\..\..\..\Middlewares\ST\BlueNRG-MS\utils\ble_list.c 0x00000000   Number         0  ble_list.o ABSOLUTE
    ..\Src\app_x-cube-ble1.c                 0x00000000   Number         0  app_x-cube-ble1.o ABSOLUTE
    ..\Src\hci_tl_interface.c                0x00000000   Number         0  hci_tl_interface.o ABSOLUTE
    ..\Src\main.c                            0x00000000   Number         0  main.o ABSOLUTE
    ..\Src\sensor_service.c                  0x00000000   Number         0  sensor_service.o ABSOLUTE
    ..\Src\stm32l0xx_hal_exti.c              0x00000000   Number         0  stm32l0xx_hal_exti.o ABSOLUTE
    ..\Src\stm32l0xx_hal_msp.c               0x00000000   Number         0  stm32l0xx_hal_msp.o ABSOLUTE
    ..\Src\stm32l0xx_it.c                    0x00000000   Number         0  stm32l0xx_it.o ABSOLUTE
    ..\Src\stm32l0xx_nucleo.c                0x00000000   Number         0  stm32l0xx_nucleo.o ABSOLUTE
    ..\Src\stm32l0xx_nucleo_bus.c            0x00000000   Number         0  stm32l0xx_nucleo_bus.o ABSOLUTE
    ..\Src\system_stm32l0xx.c                0x00000000   Number         0  system_stm32l0xx.o ABSOLUTE
    dc.s                                     0x00000000   Number         0  dc.o ABSOLUTE
    handlers.s                               0x00000000   Number         0  handlers.o ABSOLUTE
    init.s                                   0x00000000   Number         0  init.o ABSOLUTE
    startup_stm32l053xx.s                    0x00000000   Number         0  startup_stm32l053xx.o ABSOLUTE
    RESET                                    0x08000000   Section      192  startup_stm32l053xx.o(RESET)
    .ARM.Collect$$$$00000000                 0x080000c0   Section        0  entry.o(.ARM.Collect$$$$00000000)
    .ARM.Collect$$$$00000001                 0x080000c0   Section        4  entry2.o(.ARM.Collect$$$$00000001)
    .ARM.Collect$$$$00000004                 0x080000c4   Section        4  entry5.o(.ARM.Collect$$$$00000004)
    .ARM.Collect$$$$00000008                 0x080000c8   Section        0  entry7b.o(.ARM.Collect$$$$00000008)
    .ARM.Collect$$$$0000000A                 0x080000c8   Section        0  entry8b.o(.ARM.Collect$$$$0000000A)
    .ARM.Collect$$$$0000000B                 0x080000c8   Section        8  entry9a.o(.ARM.Collect$$$$0000000B)
    .ARM.Collect$$$$0000000D                 0x080000d0   Section        0  entry10a.o(.ARM.Collect$$$$0000000D)
    .ARM.Collect$$$$0000000F                 0x080000d0   Section        0  entry11a.o(.ARM.Collect$$$$0000000F)
    .ARM.Collect$$$$00002712                 0x080000d0   Section        4  entry2.o(.ARM.Collect$$$$00002712)
    __lit__00000000                          0x080000d0   Data           4  entry2.o(.ARM.Collect$$$$00002712)
    .text                                    0x080000d4   Section       28  startup_stm32l053xx.o(.text)
    .text                                    0x080000f0   Section        0  uidiv.o(.text)
    .text                                    0x0800011c   Section        0  uldiv.o(.text)
    .text                                    0x0800017c   Section        0  rand.o(.text)
    .text                                    0x080001a0   Section        0  memcpya.o(.text)
    .text                                    0x080001c4   Section        0  memseta.o(.text)
    .text                                    0x080001e8   Section        0  strlen.o(.text)
    .text                                    0x080001f6   Section        0  uwrite4.o(.text)
    .text                                    0x08000208   Section        0  llshl.o(.text)
    .text                                    0x08000228   Section        0  llushr.o(.text)
    .text                                    0x0800024c   Section       36  init.o(.text)
    i.Acc_Update                             0x08000270   Section        0  sensor_service.o(i.Acc_Update)
    i.Add_Acc_Service                        0x080002b4   Section        0  sensor_service.o(i.Add_Acc_Service)
    i.Add_Environmental_Sensor_Service       0x080003e4   Section        0  sensor_service.o(i.Add_Environmental_Sensor_Service)
    i.BSP_COM_Init                           0x08000658   Section        0  stm32l0xx_nucleo.o(i.BSP_COM_Init)
    i.BSP_GetTick                            0x080006cc   Section        0  stm32l0xx_nucleo_bus.o(i.BSP_GetTick)
    i.BSP_LED_Init                           0x080006d4   Section        0  stm32l0xx_nucleo.o(i.BSP_LED_Init)
    i.BSP_LED_Toggle                         0x08000720   Section        0  stm32l0xx_nucleo.o(i.BSP_LED_Toggle)
    i.BSP_PB_Callback                        0x08000740   Section        0  app_x-cube-ble1.o(i.BSP_PB_Callback)
    i.BSP_PB_GetState                        0x0800074c   Section        0  stm32l0xx_nucleo.o(i.BSP_PB_GetState)
    i.BSP_PB_Init                            0x08000774   Section        0  stm32l0xx_nucleo.o(i.BSP_PB_Init)
    i.BSP_SPI1_Init                          0x0800081c   Section        0  stm32l0xx_nucleo_bus.o(i.BSP_SPI1_Init)
    i.BSP_SPI1_SendRecv                      0x08000860   Section        0  stm32l0xx_nucleo_bus.o(i.BSP_SPI1_SendRecv)
    i.BUTTON_USER_EXTI_Callback              0x08000884   Section        0  stm32l0xx_nucleo.o(i.BUTTON_USER_EXTI_Callback)
    BUTTON_USER_EXTI_Callback                0x08000885   Thumb Code    10  stm32l0xx_nucleo.o(i.BUTTON_USER_EXTI_Callback)
    i.EXTI0_1_IRQHandler                     0x08000890   Section        0  stm32l0xx_it.o(i.EXTI0_1_IRQHandler)
    i.EXTI4_15_IRQHandler                    0x080008a0   Section        0  stm32l0xx_it.o(i.EXTI4_15_IRQHandler)
    i.GAP_ConnectionComplete_CB              0x080008b0   Section        0  sensor_service.o(i.GAP_ConnectionComplete_CB)
    i.GAP_DisconnectionComplete_CB           0x080008c4   Section        0  sensor_service.o(i.GAP_DisconnectionComplete_CB)
    i.HAL_Delay                              0x080008d8   Section        0  stm32l0xx_hal.o(i.HAL_Delay)
    i.HAL_EXTI_GetHandle                     0x080008f4   Section        0  stm32l0xx_hal_exti.o(i.HAL_EXTI_GetHandle)
    i.HAL_EXTI_IRQHandler                    0x08000904   Section        0  stm32l0xx_hal_exti.o(i.HAL_EXTI_IRQHandler)
    i.HAL_EXTI_RegisterCallback              0x08000928   Section        0  stm32l0xx_hal_exti.o(i.HAL_EXTI_RegisterCallback)
    i.HAL_GPIO_DeInit                        0x08000938   Section        0  stm32l0xx_hal_gpio.o(i.HAL_GPIO_DeInit)
    i.HAL_GPIO_Init                          0x08000a1c   Section        0  stm32l0xx_hal_gpio.o(i.HAL_GPIO_Init)
    i.HAL_GPIO_ReadPin                       0x08000b94   Section        0  stm32l0xx_hal_gpio.o(i.HAL_GPIO_ReadPin)
    i.HAL_GPIO_TogglePin                     0x08000b9e   Section        0  stm32l0xx_hal_gpio.o(i.HAL_GPIO_TogglePin)
    i.HAL_GPIO_WritePin                      0x08000ba6   Section        0  stm32l0xx_hal_gpio.o(i.HAL_GPIO_WritePin)
    i.HAL_GetTick                            0x08000bb4   Section        0  stm32l0xx_hal.o(i.HAL_GetTick)
    i.HAL_IncTick                            0x08000bc0   Section        0  stm32l0xx_hal.o(i.HAL_IncTick)
    i.HAL_Init                               0x08000bd0   Section        0  stm32l0xx_hal.o(i.HAL_Init)
    i.HAL_InitTick                           0x08000bf8   Section        0  stm32l0xx_hal.o(i.HAL_InitTick)
    i.HAL_MspInit                            0x08000c28   Section        0  stm32l0xx_hal_msp.o(i.HAL_MspInit)
    i.HAL_NVIC_EnableIRQ                     0x08000c40   Section        0  stm32l0xx_hal_cortex.o(i.HAL_NVIC_EnableIRQ)
    i.HAL_NVIC_SetPriority                   0x08000c54   Section        0  stm32l0xx_hal_cortex.o(i.HAL_NVIC_SetPriority)
    i.HAL_RCCEx_PeriphCLKConfig              0x08000c5c   Section        0  stm32l0xx_hal_rcc_ex.o(i.HAL_RCCEx_PeriphCLKConfig)
    i.HAL_RCC_ClockConfig                    0x08000df4   Section        0  stm32l0xx_hal_rcc.o(i.HAL_RCC_ClockConfig)
    i.HAL_RCC_GetPCLK1Freq                   0x08000f60   Section        0  stm32l0xx_hal_rcc.o(i.HAL_RCC_GetPCLK1Freq)
    i.HAL_RCC_GetPCLK2Freq                   0x08000f80   Section        0  stm32l0xx_hal_rcc.o(i.HAL_RCC_GetPCLK2Freq)
    i.HAL_RCC_GetSysClockFreq                0x08000fa0   Section        0  stm32l0xx_hal_rcc.o(i.HAL_RCC_GetSysClockFreq)
    i.HAL_RCC_OscConfig                      0x08001018   Section        0  stm32l0xx_hal_rcc.o(i.HAL_RCC_OscConfig)
    i.HAL_SPI_GetState                       0x0800149e   Section        0  stm32l0xx_hal_spi.o(i.HAL_SPI_GetState)
    i.HAL_SPI_Init                           0x080014a4   Section        0  stm32l0xx_hal_spi.o(i.HAL_SPI_Init)
    i.HAL_SPI_MspInit                        0x08001524   Section        0  stm32l0xx_hal_spi.o(i.HAL_SPI_MspInit)
    i.HAL_SPI_TransmitReceive                0x08001526   Section        0  stm32l0xx_hal_spi.o(i.HAL_SPI_TransmitReceive)
    i.HAL_SYSTICK_Config                     0x08001718   Section        0  stm32l0xx_hal_cortex.o(i.HAL_SYSTICK_Config)
    i.HAL_UART_Init                          0x08001748   Section        0  stm32l0xx_hal_uart.o(i.HAL_UART_Init)
    i.HAL_UART_MspInit                       0x080017b2   Section        0  stm32l0xx_hal_uart.o(i.HAL_UART_MspInit)
    i.HCI_TL_SPI_DeInit                      0x080017b4   Section        0  hci_tl_interface.o(i.HCI_TL_SPI_DeInit)
    i.HCI_TL_SPI_Init                        0x080017d8   Section        0  hci_tl_interface.o(i.HCI_TL_SPI_Init)
    i.HCI_TL_SPI_Receive                     0x08001838   Section        0  hci_tl_interface.o(i.HCI_TL_SPI_Receive)
    i.HCI_TL_SPI_Reset                       0x080018b4   Section        0  hci_tl_interface.o(i.HCI_TL_SPI_Reset)
    i.HCI_TL_SPI_Send                        0x080018e4   Section        0  hci_tl_interface.o(i.HCI_TL_SPI_Send)
    i.HardFault_Handler                      0x0800196c   Section        0  stm32l0xx_it.o(i.HardFault_Handler)
    i.Humidity_Update                        0x08001970   Section        0  sensor_service.o(i.Humidity_Update)
    i.MX_BlueNRG_MS_Init                     0x08001994   Section        0  app_x-cube-ble1.o(i.MX_BlueNRG_MS_Init)
    i.MX_BlueNRG_MS_Process                  0x08001a90   Section        0  app_x-cube-ble1.o(i.MX_BlueNRG_MS_Process)
    i.MX_GPIO_Init                           0x08001aa4   Section        0  main.o(i.MX_GPIO_Init)
    MX_GPIO_Init                             0x08001aa5   Thumb Code   176  main.o(i.MX_GPIO_Init)
    i.MX_SPI1_Init                           0x08001b64   Section        0  stm32l0xx_nucleo_bus.o(i.MX_SPI1_Init)
    i.MX_USART2_UART_Init                    0x08001ba0   Section        0  stm32l0xx_nucleo.o(i.MX_USART2_UART_Init)
    i.NMI_Handler                            0x08001bd4   Section        0  stm32l0xx_it.o(i.NMI_Handler)
    i.NVIC_SetPriority                       0x08001bd8   Section        0  stm32l0xx_hal_cortex.o(i.NVIC_SetPriority)
    NVIC_SetPriority                         0x08001bd9   Thumb Code    60  stm32l0xx_hal_cortex.o(i.NVIC_SetPriority)
    i.PendSV_Handler                         0x08001c1c   Section        0  stm32l0xx_it.o(i.PendSV_Handler)
    i.Press_Update                           0x08001c20   Section        0  sensor_service.o(i.Press_Update)
    i.Read_Request_CB                        0x08001c44   Section        0  sensor_service.o(i.Read_Request_CB)
    i.SPI1_MspInit                           0x08001cfc   Section        0  stm32l0xx_nucleo_bus.o(i.SPI1_MspInit)
    SPI1_MspInit                             0x08001cfd   Thumb Code    84  stm32l0xx_nucleo_bus.o(i.SPI1_MspInit)
    i.SPI_EndRxTxTransaction                 0x08001d58   Section        0  stm32l0xx_hal_spi.o(i.SPI_EndRxTxTransaction)
    SPI_EndRxTxTransaction                   0x08001d59   Thumb Code    66  stm32l0xx_hal_spi.o(i.SPI_EndRxTxTransaction)
    i.SPI_WaitFlagStateUntilTimeout          0x08001d9a   Section        0  stm32l0xx_hal_spi.o(i.SPI_WaitFlagStateUntilTimeout)
    SPI_WaitFlagStateUntilTimeout            0x08001d9b   Thumb Code   140  stm32l0xx_hal_spi.o(i.SPI_WaitFlagStateUntilTimeout)
    i.SVC_Handler                            0x08001e26   Section        0  stm32l0xx_it.o(i.SVC_Handler)
    i.SysTick_Handler                        0x08001e28   Section        0  stm32l0xx_it.o(i.SysTick_Handler)
    i.SystemClock_Config                     0x08001e30   Section        0  main.o(i.SystemClock_Config)
    i.SystemInit                             0x08001ea0   Section        0  system_stm32l0xx.o(i.SystemInit)
    i.Temp_Update                            0x08001ef4   Section        0  sensor_service.o(i.Temp_Update)
    i.UART_AdvFeatureConfig                  0x08001f18   Section        0  stm32l0xx_hal_uart.o(i.UART_AdvFeatureConfig)
    i.UART_CheckIdleState                    0x08001fe4   Section        0  stm32l0xx_hal_uart.o(i.UART_CheckIdleState)
    i.UART_SetConfig                         0x08002044   Section        0  stm32l0xx_hal_uart.o(i.UART_SetConfig)
    i.UART_WaitOnFlagUntilTimeout            0x0800226c   Section        0  stm32l0xx_hal_uart.o(i.UART_WaitOnFlagUntilTimeout)
    i.User_Process                           0x080022d0   Section        0  app_x-cube-ble1.o(i.User_Process)
    User_Process                             0x080022d1   Thumb Code   104  app_x-cube-ble1.o(i.User_Process)
    i.__ARM_common_ll_mulss                  0x08002344   Section        0  sensor_service.o(i.__ARM_common_ll_mulss)
    i.__ARM_common_switch8                   0x08002374   Section        0  stm32l0xx_hal_uart.o(i.__ARM_common_switch8)
    i.__scatterload_copy                     0x0800238e   Section       14  handlers.o(i.__scatterload_copy)
    i.__scatterload_null                     0x0800239c   Section        2  handlers.o(i.__scatterload_null)
    i.__scatterload_zeroinit                 0x0800239e   Section       14  handlers.o(i.__scatterload_zeroinit)
    i.aci_gap_init_IDB04A1                   0x080023ac   Section        0  bluenrg_gap_aci.o(i.aci_gap_init_IDB04A1)
    i.aci_gap_init_IDB05A1                   0x08002422   Section        0  bluenrg_gap_aci.o(i.aci_gap_init_IDB05A1)
    i.aci_gap_set_auth_requirement           0x0800249a   Section        0  bluenrg_gap_aci.o(i.aci_gap_set_auth_requirement)
    i.aci_gap_set_discoverable               0x0800250c   Section        0  bluenrg_gap_aci.o(i.aci_gap_set_discoverable)
    i.aci_gatt_add_char                      0x080025ce   Section        0  bluenrg_gatt_aci.o(i.aci_gatt_add_char)
    i.aci_gatt_add_char_desc                 0x0800267a   Section        0  bluenrg_gatt_aci.o(i.aci_gatt_add_char_desc)
    i.aci_gatt_add_serv                      0x08002752   Section        0  bluenrg_gatt_aci.o(i.aci_gatt_add_serv)
    i.aci_gatt_allow_read                    0x080027ca   Section        0  bluenrg_gatt_aci.o(i.aci_gatt_allow_read)
    i.aci_gatt_init                          0x0800280c   Section        0  bluenrg_gatt_aci.o(i.aci_gatt_init)
    i.aci_gatt_update_char_value             0x08002842   Section        0  bluenrg_gatt_aci.o(i.aci_gatt_update_char_value)
    i.aci_hal_set_tx_power_level             0x080028ba   Section        0  bluenrg_hal_aci.o(i.aci_hal_set_tx_power_level)
    i.aci_hal_write_config_data              0x080028fc   Section        0  bluenrg_hal_aci.o(i.aci_hal_write_config_data)
    i.getBlueNRGVersion                      0x08002958   Section        0  bluenrg_utils_small.o(i.getBlueNRGVersion)
    i.hci_init                               0x080029a4   Section        0  hci_tl.o(i.hci_init)
    i.hci_le_read_local_version              0x080029f8   Section        0  hci_le.o(i.hci_le_read_local_version)
    i.hci_le_set_scan_resp_data              0x08002a72   Section        0  hci_le.o(i.hci_le_set_scan_resp_data)
    i.hci_notify_asynch_evt                  0x08002ad0   Section        0  hci_tl.o(i.hci_notify_asynch_evt)
    i.hci_register_io_bus                    0x08002b38   Section        0  hci_tl.o(i.hci_register_io_bus)
    i.hci_reset                              0x08002b54   Section        0  hci_le.o(i.hci_reset)
    i.hci_send_req                           0x08002b88   Section        0  hci_tl.o(i.hci_send_req)
    i.hci_tl_lowlevel_init                   0x08002d1c   Section        0  hci_tl_interface.o(i.hci_tl_lowlevel_init)
    i.hci_tl_lowlevel_isr                    0x08002d88   Section        0  hci_tl_interface.o(i.hci_tl_lowlevel_isr)
    i.hci_user_evt_proc                      0x08002da8   Section        0  hci_tl.o(i.hci_user_evt_proc)
    i.list_get_size                          0x08002de4   Section        0  ble_list.o(i.list_get_size)
    i.list_init_head                         0x08002e00   Section        0  ble_list.o(i.list_init_head)
    i.list_insert_head                       0x08002e06   Section        0  ble_list.o(i.list_insert_head)
    i.list_insert_tail                       0x08002e1e   Section        0  ble_list.o(i.list_insert_tail)
    i.list_is_empty                          0x08002e36   Section        0  ble_list.o(i.list_is_empty)
    i.list_remove_head                       0x08002e4e   Section        0  ble_list.o(i.list_remove_head)
    i.list_remove_node                       0x08002e72   Section        0  ble_list.o(i.list_remove_node)
    i.list_remove_tail                       0x08002e88   Section        0  ble_list.o(i.list_remove_tail)
    i.main                                   0x08002eac   Section        0  main.o(i.main)
    i.move_list                              0x08002ec2   Section        0  hci_tl.o(i.move_list)
    move_list                                0x08002ec3   Thumb Code    36  hci_tl.o(i.move_list)
    i.setConnectable                         0x08002ee8   Section        0  sensor_service.o(i.setConnectable)
    i.user_notify                            0x08002f28   Section        0  sensor_service.o(i.user_notify)
    .constdata                               0x08002f80   Section       20  stm32l0xx_nucleo.o(.constdata)
    BUTTON_IRQn                              0x08002f80   Data           1  stm32l0xx_nucleo.o(.constdata)
    LED_PIN                                  0x08002f82   Data           2  stm32l0xx_nucleo.o(.constdata)
    BUTTON_PIN                               0x08002f84   Data           2  stm32l0xx_nucleo.o(.constdata)
    ButtonCallback                           0x08002f88   Data           4  stm32l0xx_nucleo.o(.constdata)
    BSP_BUTTON_PRIO                          0x08002f8c   Data           4  stm32l0xx_nucleo.o(.constdata)
    BUTTON_EXTI_LINE                         0x08002f90   Data           4  stm32l0xx_nucleo.o(.constdata)
    .constdata                               0x08002f94   Section       25  system_stm32l0xx.o(.constdata)
    .constdata                               0x08002fad   Section        8  system_stm32l0xx.o(.constdata)
    .data                                    0x20000000   Section        8  hci_tl_interface.o(.data)
    .data                                    0x20000008   Section        3  app_x-cube-ble1.o(.data)
    user_button_init_state                   0x20000009   Data           1  app_x-cube-ble1.o(.data)
    user_button_pressed                      0x2000000a   Data           1  app_x-cube-ble1.o(.data)
    .data                                    0x2000000c   Section       24  sensor_service.o(.data)
    .data                                    0x20000024   Section        4  stm32l0xx_nucleo_bus.o(.data)
    SPI1InitCounter                          0x20000024   Data           4  stm32l0xx_nucleo_bus.o(.data)
    .data                                    0x20000028   Section       24  stm32l0xx_nucleo.o(.data)
    COM_ActiveLogPort                        0x20000028   Data           1  stm32l0xx_nucleo.o(.data)
    LED_PORT                                 0x2000002c   Data           4  stm32l0xx_nucleo.o(.data)
    BUTTON_PORT                              0x20000030   Data           4  stm32l0xx_nucleo.o(.data)
    .data                                    0x20000040   Section        4  stm32l0xx_hal.o(.data)
    .data                                    0x20000044   Section        4  system_stm32l0xx.o(.data)
    .data                                    0x20000048   Section       16  hci_tl.o(.data)
    .data                                    0x20000058   Section        4  rand.o(.data)
    _rand_state                              0x20000058   Data           4  rand.o(.data)
    .bss                                     0x2000005c   Section      255  hci_tl_interface.o(.bss)
    read_char_buf                            0x2000005c   Data         255  hci_tl_interface.o(.bss)
    .bss                                     0x2000015c   Section       12  sensor_service.o(.bss)
    .bss                                     0x20000168   Section       88  stm32l0xx_nucleo_bus.o(.bss)
    .bss                                     0x200001c0   Section      128  stm32l0xx_nucleo.o(.bss)
    .bss                                     0x20000240   Section      732  hci_tl.o(.bss)
    hciReadPacketBuffer                      0x20000240   Data         700  hci_tl.o(.bss)
    hciContext                               0x200004fc   Data          32  hci_tl.o(.bss)
    STACK                                    0x20000520   Section     1024  startup_stm32l053xx.o(STACK)

    Global Symbols

    Symbol Name                              Value     Ov Type        Size  Object(Section)

    BuildAttributes$$THM_ISAv3M$S$PE$A:L22$X:L11$S22$IEEE1$IW$USESV6$~STKCKD$USESV7$~SHL$OSPACE$EBA8$MICROLIB$REQ8$PRES8$EABIv2 0x00000000   Number         0  anon$$obj.o ABSOLUTE
    __ARM_use_no_argv                        0x00000000   Number         0  main.o ABSOLUTE
    __cpp_initialize__aeabi_                  - Undefined Weak Reference
    __cxa_finalize                            - Undefined Weak Reference
    __decompress                              - Undefined Weak Reference
    _clock_init                               - Undefined Weak Reference
    _microlib_exit                            - Undefined Weak Reference
    __Vectors_Size                           0x000000c0   Number         0  startup_stm32l053xx.o ABSOLUTE
    __Vectors                                0x08000000   Data           4  startup_stm32l053xx.o(RESET)
    __Vectors_End                            0x080000c0   Data           0  startup_stm32l053xx.o(RESET)
    __main                                   0x080000c1   Thumb Code     0  entry.o(.ARM.Collect$$$$00000000)
    _main_stk                                0x080000c1   Thumb Code     0  entry2.o(.ARM.Collect$$$$00000001)
    _main_scatterload                        0x080000c5   Thumb Code     0  entry5.o(.ARM.Collect$$$$00000004)
    __main_after_scatterload                 0x080000c9   Thumb Code     0  entry5.o(.ARM.Collect$$$$00000004)
    _main_clock                              0x080000c9   Thumb Code     0  entry7b.o(.ARM.Collect$$$$00000008)
    _main_cpp_init                           0x080000c9   Thumb Code     0  entry8b.o(.ARM.Collect$$$$0000000A)
    _main_init                               0x080000c9   Thumb Code     0  entry9a.o(.ARM.Collect$$$$0000000B)
    __rt_final_cpp                           0x080000d1   Thumb Code     0  entry10a.o(.ARM.Collect$$$$0000000D)
    __rt_final_exit                          0x080000d1   Thumb Code     0  entry11a.o(.ARM.Collect$$$$0000000F)
    Reset_Handler                            0x080000d5   Thumb Code     8  startup_stm32l053xx.o(.text)
    ADC1_COMP_IRQHandler                     0x080000e7   Thumb Code     0  startup_stm32l053xx.o(.text)
    DMA1_Channel1_IRQHandler                 0x080000e7   Thumb Code     0  startup_stm32l053xx.o(.text)
    DMA1_Channel2_3_IRQHandler               0x080000e7   Thumb Code     0  startup_stm32l053xx.o(.text)
    DMA1_Channel4_5_6_7_IRQHandler           0x080000e7   Thumb Code     0  startup_stm32l053xx.o(.text)
    EXTI2_3_IRQHandler                       0x080000e7   Thumb Code     0  startup_stm32l053xx.o(.text)
    FLASH_IRQHandler                         0x080000e7   Thumb Code     0  startup_stm32l053xx.o(.text)
    I2C1_IRQHandler                          0x080000e7   Thumb Code     0  startup_stm32l053xx.o(.text)
    I2C2_IRQHandler                          0x080000e7   Thumb Code     0  startup_stm32l053xx.o(.text)
    LCD_IRQHandler                           0x080000e7   Thumb Code     0  startup_stm32l053xx.o(.text)
    LPTIM1_IRQHandler                        0x080000e7   Thumb Code     0  startup_stm32l053xx.o(.text)
    PVD_IRQHandler                           0x080000e7   Thumb Code     0  startup_stm32l053xx.o(.text)
    RCC_CRS_IRQHandler                       0x080000e7   Thumb Code     0  startup_stm32l053xx.o(.text)
    RNG_LPUART1_IRQHandler                   0x080000e7   Thumb Code     0  startup_stm32l053xx.o(.text)
    RTC_IRQHandler                           0x080000e7   Thumb Code     0  startup_stm32l053xx.o(.text)
    SPI1_IRQHandler                          0x080000e7   Thumb Code     0  startup_stm32l053xx.o(.text)
    SPI2_IRQHandler                          0x080000e7   Thumb Code     0  startup_stm32l053xx.o(.text)
    TIM21_IRQHandler                         0x080000e7   Thumb Code     0  startup_stm32l053xx.o(.text)
    TIM22_IRQHandler                         0x080000e7   Thumb Code     0  startup_stm32l053xx.o(.text)
    TIM2_IRQHandler                          0x080000e7   Thumb Code     0  startup_stm32l053xx.o(.text)
    TIM6_DAC_IRQHandler                      0x080000e7   Thumb Code     0  startup_stm32l053xx.o(.text)
    TSC_IRQHandler                           0x080000e7   Thumb Code     0  startup_stm32l053xx.o(.text)
    USART1_IRQHandler                        0x080000e7   Thumb Code     0  startup_stm32l053xx.o(.text)
    USART2_IRQHandler                        0x080000e7   Thumb Code     0  startup_stm32l053xx.o(.text)
    USB_IRQHandler                           0x080000e7   Thumb Code     0  startup_stm32l053xx.o(.text)
    WWDG_IRQHandler                          0x080000e7   Thumb Code     0  startup_stm32l053xx.o(.text)
    __aeabi_uidiv                            0x080000f1   Thumb Code     0  uidiv.o(.text)
    __aeabi_uidivmod                         0x080000f1   Thumb Code    44  uidiv.o(.text)
    __aeabi_uldivmod                         0x0800011d   Thumb Code    96  uldiv.o(.text)
    rand                                     0x0800017d   Thumb Code    18  rand.o(.text)
    srand                                    0x0800018f   Thumb Code     6  rand.o(.text)
    __aeabi_memcpy                           0x080001a1   Thumb Code    36  memcpya.o(.text)
    __aeabi_memcpy4                          0x080001a1   Thumb Code     0  memcpya.o(.text)
    __aeabi_memcpy8                          0x080001a1   Thumb Code     0  memcpya.o(.text)
    __aeabi_memset                           0x080001c5   Thumb Code    14  memseta.o(.text)
    __aeabi_memset4                          0x080001c5   Thumb Code     0  memseta.o(.text)
    __aeabi_memset8                          0x080001c5   Thumb Code     0  memseta.o(.text)
    __aeabi_memclr                           0x080001d3   Thumb Code     4  memseta.o(.text)
    __aeabi_memclr4                          0x080001d3   Thumb Code     0  memseta.o(.text)
    __aeabi_memclr8                          0x080001d3   Thumb Code     0  memseta.o(.text)
    _memset$wrapper                          0x080001d7   Thumb Code    18  memseta.o(.text)
    strlen                                   0x080001e9   Thumb Code    14  strlen.o(.text)
    __aeabi_uwrite4                          0x080001f7   Thumb Code    18  uwrite4.o(.text)
    __rt_uwrite4                             0x080001f7   Thumb Code     0  uwrite4.o(.text)
    _uwrite4                                 0x080001f7   Thumb Code     0  uwrite4.o(.text)
    __aeabi_llsl                             0x08000209   Thumb Code    32  llshl.o(.text)
    _ll_shift_l                              0x08000209   Thumb Code     0  llshl.o(.text)
    __aeabi_llsr                             0x08000229   Thumb Code    34  llushr.o(.text)
    _ll_ushift_r                             0x08000229   Thumb Code     0  llushr.o(.text)
    __scatterload                            0x0800024d   Thumb Code    28  init.o(.text)
    __scatterload_rt2                        0x0800024d   Thumb Code     0  init.o(.text)
    Acc_Update                               0x08000271   Thumb Code    64  sensor_service.o(i.Acc_Update)
    Add_Acc_Service                          0x080002b5   Thumb Code   298  sensor_service.o(i.Add_Acc_Service)
    Add_Environmental_Sensor_Service         0x080003e5   Thumb Code   614  sensor_service.o(i.Add_Environmental_Sensor_Service)
    BSP_COM_Init                             0x08000659   Thumb Code   102  stm32l0xx_nucleo.o(i.BSP_COM_Init)
    BSP_GetTick                              0x080006cd   Thumb Code     8  stm32l0xx_nucleo_bus.o(i.BSP_GetTick)
    BSP_LED_Init                             0x080006d5   Thumb Code    64  stm32l0xx_nucleo.o(i.BSP_LED_Init)
    BSP_LED_Toggle                           0x08000721   Thumb Code    22  stm32l0xx_nucleo.o(i.BSP_LED_Toggle)
    BSP_PB_Callback                          0x08000741   Thumb Code     8  app_x-cube-ble1.o(i.BSP_PB_Callback)
    BSP_PB_GetState                          0x0800074d   Thumb Code    30  stm32l0xx_nucleo.o(i.BSP_PB_GetState)
    BSP_PB_Init                              0x08000775   Thumb Code   150  stm32l0xx_nucleo.o(i.BSP_PB_Init)
    BSP_SPI1_Init                            0x0800081d   Thumb Code    56  stm32l0xx_nucleo_bus.o(i.BSP_SPI1_Init)
    BSP_SPI1_SendRecv                        0x08000861   Thumb Code    32  stm32l0xx_nucleo_bus.o(i.BSP_SPI1_SendRecv)
    EXTI0_1_IRQHandler                       0x08000891   Thumb Code    10  stm32l0xx_it.o(i.EXTI0_1_IRQHandler)
    EXTI4_15_IRQHandler                      0x080008a1   Thumb Code    10  stm32l0xx_it.o(i.EXTI4_15_IRQHandler)
    GAP_ConnectionComplete_CB                0x080008b1   Thumb Code    16  sensor_service.o(i.GAP_ConnectionComplete_CB)
    GAP_DisconnectionComplete_CB             0x080008c5   Thumb Code    14  sensor_service.o(i.GAP_DisconnectionComplete_CB)
    HAL_Delay                                0x080008d9   Thumb Code    28  stm32l0xx_hal.o(i.HAL_Delay)
    HAL_EXTI_GetHandle                       0x080008f5   Thumb Code    14  stm32l0xx_hal_exti.o(i.HAL_EXTI_GetHandle)
    HAL_EXTI_IRQHandler                      0x08000905   Thumb Code    30  stm32l0xx_hal_exti.o(i.HAL_EXTI_IRQHandler)
    HAL_EXTI_RegisterCallback                0x08000929   Thumb Code    16  stm32l0xx_hal_exti.o(i.HAL_EXTI_RegisterCallback)
    HAL_GPIO_DeInit                          0x08000939   Thumb Code   202  stm32l0xx_hal_gpio.o(i.HAL_GPIO_DeInit)
    HAL_GPIO_Init                            0x08000a1d   Thumb Code   346  stm32l0xx_hal_gpio.o(i.HAL_GPIO_Init)
    HAL_GPIO_ReadPin                         0x08000b95   Thumb Code    10  stm32l0xx_hal_gpio.o(i.HAL_GPIO_ReadPin)
    HAL_GPIO_TogglePin                       0x08000b9f   Thumb Code     8  stm32l0xx_hal_gpio.o(i.HAL_GPIO_TogglePin)
    HAL_GPIO_WritePin                        0x08000ba7   Thumb Code    12  stm32l0xx_hal_gpio.o(i.HAL_GPIO_WritePin)
    HAL_GetTick                              0x08000bb5   Thumb Code     6  stm32l0xx_hal.o(i.HAL_GetTick)
    HAL_IncTick                              0x08000bc1   Thumb Code    10  stm32l0xx_hal.o(i.HAL_IncTick)
    HAL_Init                                 0x08000bd1   Thumb Code    36  stm32l0xx_hal.o(i.HAL_Init)
    HAL_InitTick                             0x08000bf9   Thumb Code    44  stm32l0xx_hal.o(i.HAL_InitTick)
    HAL_MspInit                              0x08000c29   Thumb Code    20  stm32l0xx_hal_msp.o(i.HAL_MspInit)
    HAL_NVIC_EnableIRQ                       0x08000c41   Thumb Code    14  stm32l0xx_hal_cortex.o(i.HAL_NVIC_EnableIRQ)
    HAL_NVIC_SetPriority                     0x08000c55   Thumb Code     8  stm32l0xx_hal_cortex.o(i.HAL_NVIC_SetPriority)
    HAL_RCCEx_PeriphCLKConfig                0x08000c5d   Thumb Code   396  stm32l0xx_hal_rcc_ex.o(i.HAL_RCCEx_PeriphCLKConfig)
    HAL_RCC_ClockConfig                      0x08000df5   Thumb Code   344  stm32l0xx_hal_rcc.o(i.HAL_RCC_ClockConfig)
    HAL_RCC_GetPCLK1Freq                     0x08000f61   Thumb Code    20  stm32l0xx_hal_rcc.o(i.HAL_RCC_GetPCLK1Freq)
    HAL_RCC_GetPCLK2Freq                     0x08000f81   Thumb Code    20  stm32l0xx_hal_rcc.o(i.HAL_RCC_GetPCLK2Freq)
    HAL_RCC_GetSysClockFreq                  0x08000fa1   Thumb Code   100  stm32l0xx_hal_rcc.o(i.HAL_RCC_GetSysClockFreq)
    HAL_RCC_OscConfig                        0x08001019   Thumb Code  1158  stm32l0xx_hal_rcc.o(i.HAL_RCC_OscConfig)
    HAL_SPI_GetState                         0x0800149f   Thumb Code     6  stm32l0xx_hal_spi.o(i.HAL_SPI_GetState)
    HAL_SPI_Init                             0x080014a5   Thumb Code   128  stm32l0xx_hal_spi.o(i.HAL_SPI_Init)
    HAL_SPI_MspInit                          0x08001525   Thumb Code     2  stm32l0xx_hal_spi.o(i.HAL_SPI_MspInit)
    HAL_SPI_TransmitReceive                  0x08001527   Thumb Code   496  stm32l0xx_hal_spi.o(i.HAL_SPI_TransmitReceive)
    HAL_SYSTICK_Config                       0x08001719   Thumb Code    38  stm32l0xx_hal_cortex.o(i.HAL_SYSTICK_Config)
    HAL_UART_Init                            0x08001749   Thumb Code   106  stm32l0xx_hal_uart.o(i.HAL_UART_Init)
    HAL_UART_MspInit                         0x080017b3   Thumb Code     2  stm32l0xx_hal_uart.o(i.HAL_UART_MspInit)
    HCI_TL_SPI_DeInit                        0x080017b5   Thumb Code    36  hci_tl_interface.o(i.HCI_TL_SPI_DeInit)
    HCI_TL_SPI_Init                          0x080017d9   Thumb Code    86  hci_tl_interface.o(i.HCI_TL_SPI_Init)
    HCI_TL_SPI_Receive                       0x08001839   Thumb Code   116  hci_tl_interface.o(i.HCI_TL_SPI_Receive)
    HCI_TL_SPI_Reset                         0x080018b5   Thumb Code    46  hci_tl_interface.o(i.HCI_TL_SPI_Reset)
    HCI_TL_SPI_Send                          0x080018e5   Thumb Code   122  hci_tl_interface.o(i.HCI_TL_SPI_Send)
    HardFault_Handler                        0x0800196d   Thumb Code     2  stm32l0xx_it.o(i.HardFault_Handler)
    Humidity_Update                          0x08001971   Thumb Code    30  sensor_service.o(i.Humidity_Update)
    MX_BlueNRG_MS_Init                       0x08001995   Thumb Code   222  app_x-cube-ble1.o(i.MX_BlueNRG_MS_Init)
    MX_BlueNRG_MS_Process                    0x08001a91   Thumb Code    14  app_x-cube-ble1.o(i.MX_BlueNRG_MS_Process)
    MX_SPI1_Init                             0x08001b65   Thumb Code    54  stm32l0xx_nucleo_bus.o(i.MX_SPI1_Init)
    MX_USART2_UART_Init                      0x08001ba1   Thumb Code    46  stm32l0xx_nucleo.o(i.MX_USART2_UART_Init)
    NMI_Handler                              0x08001bd5   Thumb Code     2  stm32l0xx_it.o(i.NMI_Handler)
    PendSV_Handler                           0x08001c1d   Thumb Code     2  stm32l0xx_it.o(i.PendSV_Handler)
    Press_Update                             0x08001c21   Thumb Code    30  sensor_service.o(i.Press_Update)
    Read_Request_CB                          0x08001c45   Thumb Code   166  sensor_service.o(i.Read_Request_CB)
    SVC_Handler                              0x08001e27   Thumb Code     2  stm32l0xx_it.o(i.SVC_Handler)
    SysTick_Handler                          0x08001e29   Thumb Code     8  stm32l0xx_it.o(i.SysTick_Handler)
    SystemClock_Config                       0x08001e31   Thumb Code   106  main.o(i.SystemClock_Config)
    SystemInit                               0x08001ea1   Thumb Code    66  system_stm32l0xx.o(i.SystemInit)
    Temp_Update                              0x08001ef5   Thumb Code    30  sensor_service.o(i.Temp_Update)
    UART_AdvFeatureConfig                    0x08001f19   Thumb Code   202  stm32l0xx_hal_uart.o(i.UART_AdvFeatureConfig)
    UART_CheckIdleState                      0x08001fe5   Thumb Code    90  stm32l0xx_hal_uart.o(i.UART_CheckIdleState)
    UART_SetConfig                           0x08002045   Thumb Code   506  stm32l0xx_hal_uart.o(i.UART_SetConfig)
    UART_WaitOnFlagUntilTimeout              0x0800226d   Thumb Code    98  stm32l0xx_hal_uart.o(i.UART_WaitOnFlagUntilTimeout)
    __ARM_common_ll_mulss                    0x08002345   Thumb Code    48  sensor_service.o(i.__ARM_common_ll_mulss)
    __ARM_common_switch8                     0x08002375   Thumb Code    26  stm32l0xx_hal_uart.o(i.__ARM_common_switch8)
    __scatterload_copy                       0x0800238f   Thumb Code    14  handlers.o(i.__scatterload_copy)
    __scatterload_null                       0x0800239d   Thumb Code     2  handlers.o(i.__scatterload_null)
    __scatterload_zeroinit                   0x0800239f   Thumb Code    14  handlers.o(i.__scatterload_zeroinit)
    aci_gap_init_IDB04A1                     0x080023ad   Thumb Code   118  bluenrg_gap_aci.o(i.aci_gap_init_IDB04A1)
    aci_gap_init_IDB05A1                     0x08002423   Thumb Code   120  bluenrg_gap_aci.o(i.aci_gap_init_IDB05A1)
    aci_gap_set_auth_requirement             0x0800249b   Thumb Code   114  bluenrg_gap_aci.o(i.aci_gap_set_auth_requirement)
    aci_gap_set_discoverable                 0x0800250d   Thumb Code   194  bluenrg_gap_aci.o(i.aci_gap_set_discoverable)
    aci_gatt_add_char                        0x080025cf   Thumb Code   172  bluenrg_gatt_aci.o(i.aci_gatt_add_char)
    aci_gatt_add_char_desc                   0x0800267b   Thumb Code   216  bluenrg_gatt_aci.o(i.aci_gatt_add_char_desc)
    aci_gatt_add_serv                        0x08002753   Thumb Code   120  bluenrg_gatt_aci.o(i.aci_gatt_add_serv)
    aci_gatt_allow_read                      0x080027cb   Thumb Code    66  bluenrg_gatt_aci.o(i.aci_gatt_allow_read)
    aci_gatt_init                            0x0800280d   Thumb Code    54  bluenrg_gatt_aci.o(i.aci_gatt_init)
    aci_gatt_update_char_value               0x08002843   Thumb Code   120  bluenrg_gatt_aci.o(i.aci_gatt_update_char_value)
    aci_hal_set_tx_power_level               0x080028bb   Thumb Code    66  bluenrg_hal_aci.o(i.aci_hal_set_tx_power_level)
    aci_hal_write_config_data                0x080028fd   Thumb Code    92  bluenrg_hal_aci.o(i.aci_hal_write_config_data)
    getBlueNRGVersion                        0x08002959   Thumb Code    76  bluenrg_utils_small.o(i.getBlueNRGVersion)
    hci_init                                 0x080029a5   Thumb Code    72  hci_tl.o(i.hci_init)
    hci_le_read_local_version                0x080029f9   Thumb Code   122  hci_le.o(i.hci_le_read_local_version)
    hci_le_set_scan_resp_data                0x08002a73   Thumb Code    94  hci_le.o(i.hci_le_set_scan_resp_data)
    hci_notify_asynch_evt                    0x08002ad1   Thumb Code    96  hci_tl.o(i.hci_notify_asynch_evt)
    hci_register_io_bus                      0x08002b39   Thumb Code    24  hci_tl.o(i.hci_register_io_bus)
    hci_reset                                0x08002b55   Thumb Code    50  hci_le.o(i.hci_reset)
    hci_send_req                             0x08002b89   Thumb Code   396  hci_tl.o(i.hci_send_req)
    hci_tl_lowlevel_init                     0x08002d1d   Thumb Code    74  hci_tl_interface.o(i.hci_tl_lowlevel_init)
    hci_tl_lowlevel_isr                      0x08002d89   Thumb Code    30  hci_tl_interface.o(i.hci_tl_lowlevel_isr)
    hci_user_evt_proc                        0x08002da9   Thumb Code    52  hci_tl.o(i.hci_user_evt_proc)
    list_get_size                            0x08002de5   Thumb Code    28  ble_list.o(i.list_get_size)
    list_init_head                           0x08002e01   Thumb Code     6  ble_list.o(i.list_init_head)
    list_insert_head                         0x08002e07   Thumb Code    24  ble_list.o(i.list_insert_head)
    list_insert_tail                         0x08002e1f   Thumb Code    24  ble_list.o(i.list_insert_tail)
    list_is_empty                            0x08002e37   Thumb Code    24  ble_list.o(i.list_is_empty)
    list_remove_head                         0x08002e4f   Thumb Code    36  ble_list.o(i.list_remove_head)
    list_remove_node                         0x08002e73   Thumb Code    22  ble_list.o(i.list_remove_node)
    list_remove_tail                         0x08002e89   Thumb Code    36  ble_list.o(i.list_remove_tail)
    main                                     0x08002ead   Thumb Code    22  main.o(i.main)
    setConnectable                           0x08002ee9   Thumb Code    54  sensor_service.o(i.setConnectable)
    user_notify                              0x08002f29   Thumb Code    84  sensor_service.o(i.user_notify)
    AHBPrescTable                            0x08002f94   Data          16  system_stm32l0xx.o(.constdata)
    PLLMulTable                              0x08002fa4   Data           9  system_stm32l0xx.o(.constdata)
    APBPrescTable                            0x08002fad   Data           8  system_stm32l0xx.o(.constdata)
    Region$$Table$$Base                      0x08002fb8   Number         0  anon$$obj.o(Region$$Table)
    Region$$Table$$Limit                     0x08002fd8   Number         0  anon$$obj.o(Region$$Table)
    hexti0                                   0x20000000   Data           8  hci_tl_interface.o(.data)
    bnrg_expansion_board                     0x20000008   Data           1  app_x-cube-ble1.o(.data)
    set_connectable                          0x2000000c   Data           1  sensor_service.o(.data)
    notification_enabled                     0x2000000d   Data           1  sensor_service.o(.data)
    connection_handle                        0x2000000e   Data           2  sensor_service.o(.data)
    accServHandle                            0x20000010   Data           2  sensor_service.o(.data)
    freeFallCharHandle                       0x20000012   Data           2  sensor_service.o(.data)
    accCharHandle                            0x20000014   Data           2  sensor_service.o(.data)
    envSensServHandle                        0x20000016   Data           2  sensor_service.o(.data)
    tempCharHandle                           0x20000018   Data           2  sensor_service.o(.data)
    pressCharHandle                          0x2000001a   Data           2  sensor_service.o(.data)
    humidityCharHandle                       0x2000001c   Data           2  sensor_service.o(.data)
    connected                                0x20000020   Data           4  sensor_service.o(.data)
    COM_USART                                0x20000034   Data           4  stm32l0xx_nucleo.o(.data)
    hpb_exti                                 0x20000038   Data           8  stm32l0xx_nucleo.o(.data)
    uwTick                                   0x20000040   Data           4  stm32l0xx_hal.o(.data)
    SystemCoreClock                          0x20000044   Data           4  system_stm32l0xx.o(.data)
    hciReadPktPool                           0x20000048   Data           8  hci_tl.o(.data)
    hciReadPktRxQueue                        0x20000050   Data           8  hci_tl.o(.data)
    axes_data                                0x2000015c   Data          12  sensor_service.o(.bss)
    hspi1                                    0x20000168   Data          88  stm32l0xx_nucleo_bus.o(.bss)
    hcom_uart                                0x200001c0   Data         128  stm32l0xx_nucleo.o(.bss)
    __initial_sp                             0x20000920   Data           0  startup_stm32l053xx.o(STACK)



==============================================================================

Memory Map of the image

  Image Entry point : 0x080000c1

  Load Region LR_IROM1 (Base: 0x08000000, Size: 0x00003034, Max: 0x00010000, ABSOLUTE)

    Execution Region ER_IROM1 (Exec base: 0x08000000, Load base: 0x08000000, Size: 0x00002fd8, Max: 0x00010000, ABSOLUTE)

    Exec Addr    Load Addr    Size         Type   Attr      Idx    E Section Name        Object

    0x08000000   0x08000000   0x000000c0   Data   RO            3    RESET               startup_stm32l053xx.o
    0x080000c0   0x080000c0   0x00000000   Code   RO         4257  * .ARM.Collect$$$$00000000  mc_p.l(entry.o)
    0x080000c0   0x080000c0   0x00000004   Code   RO         4279    .ARM.Collect$$$$00000001  mc_p.l(entry2.o)
    0x080000c4   0x080000c4   0x00000004   Code   RO         4282    .ARM.Collect$$$$00000004  mc_p.l(entry5.o)
    0x080000c8   0x080000c8   0x00000000   Code   RO         4284    .ARM.Collect$$$$00000008  mc_p.l(entry7b.o)
    0x080000c8   0x080000c8   0x00000000   Code   RO         4286    .ARM.Collect$$$$0000000A  mc_p.l(entry8b.o)
    0x080000c8   0x080000c8   0x00000008   Code   RO         4287    .ARM.Collect$$$$0000000B  mc_p.l(entry9a.o)
    0x080000d0   0x080000d0   0x00000000   Code   RO         4289    .ARM.Collect$$$$0000000D  mc_p.l(entry10a.o)
    0x080000d0   0x080000d0   0x00000000   Code   RO         4291    .ARM.Collect$$$$0000000F  mc_p.l(entry11a.o)
    0x080000d0   0x080000d0   0x00000004   Code   RO         4280    .ARM.Collect$$$$00002712  mc_p.l(entry2.o)
    0x080000d4   0x080000d4   0x0000001c   Code   RO            4    .text               startup_stm32l053xx.o
    0x080000f0   0x080000f0   0x0000002c   Code   RO         4260    .text               mc_p.l(uidiv.o)
    0x0800011c   0x0800011c   0x00000060   Code   RO         4262    .text               mc_p.l(uldiv.o)
    0x0800017c   0x0800017c   0x00000024   Code   RO         4264    .text               mc_p.l(rand.o)
    0x080001a0   0x080001a0   0x00000024   Code   RO         4267    .text               mc_p.l(memcpya.o)
    0x080001c4   0x080001c4   0x00000024   Code   RO         4269    .text               mc_p.l(memseta.o)
    0x080001e8   0x080001e8   0x0000000e   Code   RO         4271    .text               mc_p.l(strlen.o)
    0x080001f6   0x080001f6   0x00000012   Code   RO         4277    .text               mc_p.l(uwrite4.o)
    0x08000208   0x08000208   0x00000020   Code   RO         4293    .text               mc_p.l(llshl.o)
    0x08000228   0x08000228   0x00000022   Code   RO         4295    .text               mc_p.l(llushr.o)
    0x0800024a   0x0800024a   0x00000002   PAD
    0x0800024c   0x0800024c   0x00000024   Code   RO         4297    .text               mc_p.l(init.o)
    0x08000270   0x08000270   0x00000044   Code   RO          373    i.Acc_Update        sensor_service.o
    0x080002b4   0x080002b4   0x00000130   Code   RO          374    i.Add_Acc_Service   sensor_service.o
    0x080003e4   0x080003e4   0x00000274   Code   RO          375    i.Add_Environmental_Sensor_Service  sensor_service.o
    0x08000658   0x08000658   0x00000074   Code   RO          545    i.BSP_COM_Init      stm32l0xx_nucleo.o
    0x080006cc   0x080006cc   0x00000008   Code   RO          476    i.BSP_GetTick       stm32l0xx_nucleo_bus.o
    0x080006d4   0x080006d4   0x0000004c   Code   RO          550    i.BSP_LED_Init      stm32l0xx_nucleo.o
    0x08000720   0x08000720   0x00000020   Code   RO          553    i.BSP_LED_Toggle    stm32l0xx_nucleo.o
    0x08000740   0x08000740   0x0000000c   Code   RO          283    i.BSP_PB_Callback   app_x-cube-ble1.o
    0x0800074c   0x0800074c   0x00000028   Code   RO          556    i.BSP_PB_GetState   stm32l0xx_nucleo.o
    0x08000774   0x08000774   0x000000a8   Code   RO          558    i.BSP_PB_Init       stm32l0xx_nucleo.o
    0x0800081c   0x0800081c   0x00000044   Code   RO          478    i.BSP_SPI1_Init     stm32l0xx_nucleo_bus.o
    0x08000860   0x08000860   0x00000024   Code   RO          481    i.BSP_SPI1_SendRecv  stm32l0xx_nucleo_bus.o
    0x08000884   0x08000884   0x0000000a   Code   RO          559    i.BUTTON_USER_EXTI_Callback  stm32l0xx_nucleo.o
    0x0800088e   0x0800088e   0x00000002   PAD
    0x08000890   0x08000890   0x00000010   Code   RO          673    i.EXTI0_1_IRQHandler  stm32l0xx_it.o
    0x080008a0   0x080008a0   0x00000010   Code   RO          674    i.EXTI4_15_IRQHandler  stm32l0xx_it.o
    0x080008b0   0x080008b0   0x00000014   Code   RO          377    i.GAP_ConnectionComplete_CB  sensor_service.o
    0x080008c4   0x080008c4   0x00000014   Code   RO          378    i.GAP_DisconnectionComplete_CB  sensor_service.o
    0x080008d8   0x080008d8   0x0000001c   Code   RO         1523    i.HAL_Delay         stm32l0xx_hal.o
    0x080008f4   0x080008f4   0x0000000e   Code   RO          251    i.HAL_EXTI_GetHandle  stm32l0xx_hal_exti.o
    0x08000902   0x08000902   0x00000002   PAD
    0x08000904   0x08000904   0x00000024   Code   RO          252    i.HAL_EXTI_IRQHandler  stm32l0xx_hal_exti.o
    0x08000928   0x08000928   0x00000010   Code   RO          253    i.HAL_EXTI_RegisterCallback  stm32l0xx_hal_exti.o
    0x08000938   0x08000938   0x000000e4   Code   RO         2680    i.HAL_GPIO_DeInit   stm32l0xx_hal_gpio.o
    0x08000a1c   0x08000a1c   0x00000178   Code   RO         2683    i.HAL_GPIO_Init     stm32l0xx_hal_gpio.o
    0x08000b94   0x08000b94   0x0000000a   Code   RO         2685    i.HAL_GPIO_ReadPin  stm32l0xx_hal_gpio.o
    0x08000b9e   0x08000b9e   0x00000008   Code   RO         2686    i.HAL_GPIO_TogglePin  stm32l0xx_hal_gpio.o
    0x08000ba6   0x08000ba6   0x0000000c   Code   RO         2687    i.HAL_GPIO_WritePin  stm32l0xx_hal_gpio.o
    0x08000bb2   0x08000bb2   0x00000002   PAD
    0x08000bb4   0x08000bb4   0x0000000c   Code   RO         1527    i.HAL_GetTick       stm32l0xx_hal.o
    0x08000bc0   0x08000bc0   0x00000010   Code   RO         1531    i.HAL_IncTick       stm32l0xx_hal.o
    0x08000bd0   0x08000bd0   0x00000028   Code   RO         1532    i.HAL_Init          stm32l0xx_hal.o
    0x08000bf8   0x08000bf8   0x00000030   Code   RO         1533    i.HAL_InitTick      stm32l0xx_hal.o
    0x08000c28   0x08000c28   0x00000018   Code   RO          732    i.HAL_MspInit       stm32l0xx_hal_msp.o
    0x08000c40   0x08000c40   0x00000014   Code   RO         3010    i.HAL_NVIC_EnableIRQ  stm32l0xx_hal_cortex.o
    0x08000c54   0x08000c54   0x00000008   Code   RO         3014    i.HAL_NVIC_SetPriority  stm32l0xx_hal_cortex.o
    0x08000c5c   0x08000c5c   0x00000198   Code   RO         2315    i.HAL_RCCEx_PeriphCLKConfig  stm32l0xx_hal_rcc_ex.o
    0x08000df4   0x08000df4   0x0000016c   Code   RO         2206    i.HAL_RCC_ClockConfig  stm32l0xx_hal_rcc.o
    0x08000f60   0x08000f60   0x00000020   Code   RO         2212    i.HAL_RCC_GetPCLK1Freq  stm32l0xx_hal_rcc.o
    0x08000f80   0x08000f80   0x00000020   Code   RO         2213    i.HAL_RCC_GetPCLK2Freq  stm32l0xx_hal_rcc.o
    0x08000fa0   0x08000fa0   0x00000078   Code   RO         2214    i.HAL_RCC_GetSysClockFreq  stm32l0xx_hal_rcc.o
    0x08001018   0x08001018   0x00000486   Code   RO         2217    i.HAL_RCC_OscConfig  stm32l0xx_hal_rcc.o
    0x0800149e   0x0800149e   0x00000006   Code   RO          761    i.HAL_SPI_GetState  stm32l0xx_hal_spi.o
    0x080014a4   0x080014a4   0x00000080   Code   RO          763    i.HAL_SPI_Init      stm32l0xx_hal_spi.o
    0x08001524   0x08001524   0x00000002   Code   RO          765    i.HAL_SPI_MspInit   stm32l0xx_hal_spi.o
    0x08001526   0x08001526   0x000001f0   Code   RO          772    i.HAL_SPI_TransmitReceive  stm32l0xx_hal_spi.o
    0x08001716   0x08001716   0x00000002   PAD
    0x08001718   0x08001718   0x00000030   Code   RO         3018    i.HAL_SYSTICK_Config  stm32l0xx_hal_cortex.o
    0x08001748   0x08001748   0x0000006a   Code   RO         1096    i.HAL_UART_Init     stm32l0xx_hal_uart.o
    0x080017b2   0x080017b2   0x00000002   Code   RO         1098    i.HAL_UART_MspInit  stm32l0xx_hal_uart.o
    0x080017b4   0x080017b4   0x00000024   Code   RO          170    i.HCI_TL_SPI_DeInit  hci_tl_interface.o
    0x080017d8   0x080017d8   0x00000060   Code   RO          171    i.HCI_TL_SPI_Init   hci_tl_interface.o
    0x08001838   0x08001838   0x0000007c   Code   RO          172    i.HCI_TL_SPI_Receive  hci_tl_interface.o
    0x080018b4   0x080018b4   0x0000002e   Code   RO          173    i.HCI_TL_SPI_Reset  hci_tl_interface.o
    0x080018e2   0x080018e2   0x00000002   PAD
    0x080018e4   0x080018e4   0x00000088   Code   RO          174    i.HCI_TL_SPI_Send   hci_tl_interface.o
    0x0800196c   0x0800196c   0x00000002   Code   RO          675    i.HardFault_Handler  stm32l0xx_it.o
    0x0800196e   0x0800196e   0x00000002   PAD
    0x08001970   0x08001970   0x00000024   Code   RO          379    i.Humidity_Update   sensor_service.o
    0x08001994   0x08001994   0x000000fc   Code   RO          284    i.MX_BlueNRG_MS_Init  app_x-cube-ble1.o
    0x08001a90   0x08001a90   0x00000014   Code   RO          285    i.MX_BlueNRG_MS_Process  app_x-cube-ble1.o
    0x08001aa4   0x08001aa4   0x000000c0   Code   RO           13    i.MX_GPIO_Init      main.o
    0x08001b64   0x08001b64   0x0000003c   Code   RO          482    i.MX_SPI1_Init      stm32l0xx_nucleo_bus.o
    0x08001ba0   0x08001ba0   0x00000034   Code   RO          560    i.MX_USART2_UART_Init  stm32l0xx_nucleo.o
    0x08001bd4   0x08001bd4   0x00000002   Code   RO          676    i.NMI_Handler       stm32l0xx_it.o
    0x08001bd6   0x08001bd6   0x00000002   PAD
    0x08001bd8   0x08001bd8   0x00000044   Code   RO         3020    i.NVIC_SetPriority  stm32l0xx_hal_cortex.o
    0x08001c1c   0x08001c1c   0x00000002   Code   RO          677    i.PendSV_Handler    stm32l0xx_it.o
    0x08001c1e   0x08001c1e   0x00000002   PAD
    0x08001c20   0x08001c20   0x00000024   Code   RO          380    i.Press_Update      sensor_service.o
    0x08001c44   0x08001c44   0x000000b8   Code   RO          381    i.Read_Request_CB   sensor_service.o
    0x08001cfc   0x08001cfc   0x0000005c   Code   RO          483    i.SPI1_MspInit      stm32l0xx_nucleo_bus.o
    0x08001d58   0x08001d58   0x00000042   Code   RO          801    i.SPI_EndRxTxTransaction  stm32l0xx_hal_spi.o
    0x08001d9a   0x08001d9a   0x0000008c   Code   RO          806    i.SPI_WaitFlagStateUntilTimeout  stm32l0xx_hal_spi.o
    0x08001e26   0x08001e26   0x00000002   Code   RO          678    i.SVC_Handler       stm32l0xx_it.o
    0x08001e28   0x08001e28   0x00000008   Code   RO          679    i.SysTick_Handler   stm32l0xx_it.o
    0x08001e30   0x08001e30   0x00000070   Code   RO           14    i.SystemClock_Config  main.o
    0x08001ea0   0x08001ea0   0x00000054   Code   RO         3118    i.SystemInit        system_stm32l0xx.o
    0x08001ef4   0x08001ef4   0x00000024   Code   RO          382    i.Temp_Update       sensor_service.o
    0x08001f18   0x08001f18   0x000000ca   Code   RO         1109    i.UART_AdvFeatureConfig  stm32l0xx_hal_uart.o
    0x08001fe2   0x08001fe2   0x00000002   PAD
    0x08001fe4   0x08001fe4   0x00000060   Code   RO         1110    i.UART_CheckIdleState  stm32l0xx_hal_uart.o
    0x08002044   0x08002044   0x00000228   Code   RO         1125    i.UART_SetConfig    stm32l0xx_hal_uart.o
    0x0800226c   0x0800226c   0x00000062   Code   RO         1128    i.UART_WaitOnFlagUntilTimeout  stm32l0xx_hal_uart.o
    0x080022ce   0x080022ce   0x00000002   PAD
    0x080022d0   0x080022d0   0x00000074   Code   RO          286    i.User_Process      app_x-cube-ble1.o
    0x08002344   0x08002344   0x00000030   Code   RO          456    i.__ARM_common_ll_mulss  sensor_service.o
    0x08002374   0x08002374   0x0000001a   Code   RO         1417    i.__ARM_common_switch8  stm32l0xx_hal_uart.o
    0x0800238e   0x0800238e   0x0000000e   Code   RO         4301    i.__scatterload_copy  mc_p.l(handlers.o)
    0x0800239c   0x0800239c   0x00000002   Code   RO         4302    i.__scatterload_null  mc_p.l(handlers.o)
    0x0800239e   0x0800239e   0x0000000e   Code   RO         4303    i.__scatterload_zeroinit  mc_p.l(handlers.o)
    0x080023ac   0x080023ac   0x00000076   Code   RO         3160    i.aci_gap_init_IDB04A1  bluenrg_gap_aci.o
    0x08002422   0x08002422   0x00000078   Code   RO         3161    i.aci_gap_init_IDB05A1  bluenrg_gap_aci.o
    0x0800249a   0x0800249a   0x00000072   Code   RO         3167    i.aci_gap_set_auth_requirement  bluenrg_gap_aci.o
    0x0800250c   0x0800250c   0x000000c2   Code   RO         3172    i.aci_gap_set_discoverable  bluenrg_gap_aci.o
    0x080025ce   0x080025ce   0x000000ac   Code   RO         3423    i.aci_gatt_add_char  bluenrg_gatt_aci.o
    0x0800267a   0x0800267a   0x000000d8   Code   RO         3424    i.aci_gatt_add_char_desc  bluenrg_gatt_aci.o
    0x08002752   0x08002752   0x00000078   Code   RO         3425    i.aci_gatt_add_serv  bluenrg_gatt_aci.o
    0x080027ca   0x080027ca   0x00000042   Code   RO         3426    i.aci_gatt_allow_read  bluenrg_gatt_aci.o
    0x0800280c   0x0800280c   0x00000036   Code   RO         3439    i.aci_gatt_init     bluenrg_gatt_aci.o
    0x08002842   0x08002842   0x00000078   Code   RO         3452    i.aci_gatt_update_char_value  bluenrg_gatt_aci.o
    0x080028ba   0x080028ba   0x00000042   Code   RO         3701    i.aci_hal_set_tx_power_level  bluenrg_hal_aci.o
    0x080028fc   0x080028fc   0x0000005c   Code   RO         3704    i.aci_hal_write_config_data  bluenrg_hal_aci.o
    0x08002958   0x08002958   0x0000004c   Code   RO         3887    i.getBlueNRGVersion  bluenrg_utils_small.o
    0x080029a4   0x080029a4   0x00000054   Code   RO         3910    i.hci_init          hci_tl.o
    0x080029f8   0x080029f8   0x0000007a   Code   RO         3976    i.hci_le_read_local_version  hci_le.o
    0x08002a72   0x08002a72   0x0000005e   Code   RO         3987    i.hci_le_set_scan_resp_data  hci_le.o
    0x08002ad0   0x08002ad0   0x00000068   Code   RO         3911    i.hci_notify_asynch_evt  hci_tl.o
    0x08002b38   0x08002b38   0x0000001c   Code   RO         3912    i.hci_register_io_bus  hci_tl.o
    0x08002b54   0x08002b54   0x00000032   Code   RO         3993    i.hci_reset         hci_le.o
    0x08002b86   0x08002b86   0x00000002   PAD
    0x08002b88   0x08002b88   0x00000194   Code   RO         3913    i.hci_send_req      hci_tl.o
    0x08002d1c   0x08002d1c   0x0000006c   Code   RO          175    i.hci_tl_lowlevel_init  hci_tl_interface.o
    0x08002d88   0x08002d88   0x0000001e   Code   RO          176    i.hci_tl_lowlevel_isr  hci_tl_interface.o
    0x08002da6   0x08002da6   0x00000002   PAD
    0x08002da8   0x08002da8   0x0000003c   Code   RO         3914    i.hci_user_evt_proc  hci_tl.o
    0x08002de4   0x08002de4   0x0000001c   Code   RO         4165    i.list_get_size     ble_list.o
    0x08002e00   0x08002e00   0x00000006   Code   RO         4166    i.list_init_head    ble_list.o
    0x08002e06   0x08002e06   0x00000018   Code   RO         4167    i.list_insert_head  ble_list.o
    0x08002e1e   0x08002e1e   0x00000018   Code   RO         4170    i.list_insert_tail  ble_list.o
    0x08002e36   0x08002e36   0x00000018   Code   RO         4171    i.list_is_empty     ble_list.o
    0x08002e4e   0x08002e4e   0x00000024   Code   RO         4172    i.list_remove_head  ble_list.o
    0x08002e72   0x08002e72   0x00000016   Code   RO         4173    i.list_remove_node  ble_list.o
    0x08002e88   0x08002e88   0x00000024   Code   RO         4174    i.list_remove_tail  ble_list.o
    0x08002eac   0x08002eac   0x00000016   Code   RO           15    i.main              main.o
    0x08002ec2   0x08002ec2   0x00000024   Code   RO         3915    i.move_list         hci_tl.o
    0x08002ee6   0x08002ee6   0x00000002   PAD
    0x08002ee8   0x08002ee8   0x00000040   Code   RO          383    i.setConnectable    sensor_service.o
    0x08002f28   0x08002f28   0x00000058   Code   RO          384    i.user_notify       sensor_service.o
    0x08002f80   0x08002f80   0x00000014   Data   RO          563    .constdata          stm32l0xx_nucleo.o
    0x08002f94   0x08002f94   0x00000019   Data   RO         3119    .constdata          system_stm32l0xx.o
    0x08002fad   0x08002fad   0x00000008   Data   RO         3120    .constdata          system_stm32l0xx.o
    0x08002fb5   0x08002fb5   0x00000003   PAD
    0x08002fb8   0x08002fb8   0x00000020   Data   RO         4299    Region$$Table       anon$$obj.o


    Execution Region RW_IRAM1 (Exec base: 0x20000000, Load base: 0x08002fd8, Size: 0x00000920, Max: 0x00002000, ABSOLUTE)

    Exec Addr    Load Addr    Size         Type   Attr      Idx    E Section Name        Object

    0x20000000   0x08002fd8   0x00000008   Data   RW          178    .data               hci_tl_interface.o
    0x20000008   0x08002fe0   0x00000003   Data   RW          287    .data               app_x-cube-ble1.o
    0x2000000b   0x08002fe3   0x00000001   PAD
    0x2000000c   0x08002fe4   0x00000018   Data   RW          386    .data               sensor_service.o
    0x20000024   0x08002ffc   0x00000004   Data   RW          485    .data               stm32l0xx_nucleo_bus.o
    0x20000028   0x08003000   0x00000018   Data   RW          564    .data               stm32l0xx_nucleo.o
    0x20000040   0x08003018   0x00000004   Data   RW         1542    .data               stm32l0xx_hal.o
    0x20000044   0x0800301c   0x00000004   Data   RW         3121    .data               system_stm32l0xx.o
    0x20000048   0x08003020   0x00000010   Data   RW         3917    .data               hci_tl.o
    0x20000058   0x08003030   0x00000004   Data   RW         4265    .data               mc_p.l(rand.o)
    0x2000005c        -       0x000000ff   Zero   RW          177    .bss                hci_tl_interface.o
    0x2000015b   0x08003034   0x00000001   PAD
    0x2000015c        -       0x0000000c   Zero   RW          385    .bss                sensor_service.o
    0x20000168        -       0x00000058   Zero   RW          484    .bss                stm32l0xx_nucleo_bus.o
    0x200001c0        -       0x00000080   Zero   RW          562    .bss                stm32l0xx_nucleo.o
    0x20000240        -       0x000002dc   Zero   RW         3916    .bss                hci_tl.o
    0x2000051c   0x08003034   0x00000004   PAD
    0x20000520        -       0x00000400   Zero   RW            1    STACK               startup_stm32l053xx.o


==============================================================================

Image component sizes


      Code (inc. data)   RO Data    RW Data    ZI Data      Debug   Object Name

       400         52          0          3          0      45872   app_x-cube-ble1.o
       200          0          0          0          0       6588   ble_list.o
       546          0          0          0          0       5092   bluenrg_gap_aci.o
       748          0          0          0          0       7408   bluenrg_gatt_aci.o
       158          0          0          0          0       2561   bluenrg_hal_aci.o
        76          0          0          0          0       1560   bluenrg_utils_small.o
       266          0          0          0          0       3220   hci_le.o
       716         40          0         16        732       6639   hci_tl.o
       576         66          0          8        255       7162   hci_tl_interface.o
       326         22          0          0          0     351689   main.o
      1532         84          0         24         12      11084   sensor_service.o
        28          8        192          0       1024        660   startup_stm32l053xx.o
       144         20          0          4          0       4131   stm32l0xx_hal.o
       144         24          0          0          0      10929   stm32l0xx_hal_cortex.o
        66          6          0          0          0       2275   stm32l0xx_hal_exti.o
         0          0          0          0          0       1528   stm32l0xx_hal_flash.o
       634         56          0          0          0       4742   stm32l0xx_hal_gpio.o
        24          4          0          0          0        458   stm32l0xx_hal_msp.o
      1706         92          0          0          0       5900   stm32l0xx_hal_rcc.o
       408         12          0          0          0       1612   stm32l0xx_hal_rcc_ex.o
       838          0          0          0          0       6186   stm32l0xx_hal_spi.o
      1082         76          0          0          0       6128   stm32l0xx_hal_uart.o
        48         12          0          0          0       3210   stm32l0xx_it.o
       494         70         20         24        128       8020   stm32l0xx_nucleo.o
       264         30          0          4         88       3713   stm32l0xx_nucleo_bus.o
        84         18         33          4          0       1307   system_stm32l0xx.o

    ----------------------------------------------------------------------
     11534        692        280         88       2244     509674   Object Totals
         0          0         32          0          0          0   (incl. Generated)
        26          0          3          1          5          0   (incl. Padding)

    ----------------------------------------------------------------------

      Code (inc. data)   RO Data    RW Data    ZI Data      Debug   Library Member Name

         0          0          0          0          0          0   entry.o
         0          0          0          0          0          0   entry10a.o
         0          0          0          0          0          0   entry11a.o
         8          4          0          0          0          0   entry2.o
         4          0          0          0          0          0   entry5.o
         0          0          0          0          0          0   entry7b.o
         0          0          0          0          0          0   entry8b.o
         8          4          0          0          0          0   entry9a.o
        30          0          0          0          0          0   handlers.o
        36          8          0          0          0         68   init.o
        32          0          0          0          0         68   llshl.o
        34          0          0          0          0         68   llushr.o
        36          0          0          0          0         60   memcpya.o
        36          0          0          0          0        100   memseta.o
        36         12          0          4          0        120   rand.o
        14          0          0          0          0         60   strlen.o
        44          0          0          0          0         72   uidiv.o
        96          0          0          0          0         84   uldiv.o
        18          0          0          0          0         60   uwrite4.o

    ----------------------------------------------------------------------
       434         28          0          4          0        760   Library Totals
         2          0          0          0          0          0   (incl. Padding)

    ----------------------------------------------------------------------

      Code (inc. data)   RO Data    RW Data    ZI Data      Debug   Library Name

       432         28          0          4          0        760   mc_p.l

    ----------------------------------------------------------------------
       434         28          0          4          0        760   Library Totals

    ----------------------------------------------------------------------

==============================================================================


      Code (inc. data)   RO Data    RW Data    ZI Data      Debug   

     11968        720        280         92       2244     505438   Grand Totals
     11968        720        280         92       2244     505438   ELF Image Totals
     11968        720        280         92          0          0   ROM Totals

==============================================================================

    Total RO  Size (Code + RO Data)                12248 (  11.96kB)
    Total RW  Size (RW Data + ZI Data)              2336 (   2.28kB)
    Total ROM Size (Code + RO Data + RW Data)      12340 (  12.05kB)

==============================================================================

